Component: ARM Compiler 6.16 Tool: armlink [5dfeaa00]

==============================================================================

Section Cross References

    startup_stm32g030xx.o(STACK) refers (Special) to heapauxi.o(.text) for __use_two_region_memory
    startup_stm32g030xx.o(HEAP) refers (Special) to heapauxi.o(.text) for __use_two_region_memory
    startup_stm32g030xx.o(RESET) refers (Special) to heapauxi.o(.text) for __use_two_region_memory
    startup_stm32g030xx.o(RESET) refers to startup_stm32g030xx.o(STACK) for __initial_sp
    startup_stm32g030xx.o(RESET) refers to startup_stm32g030xx.o(.text) for Reset_Handler
    startup_stm32g030xx.o(RESET) refers to stm32g0xx_it.o(.text.NMI_Handler) for NMI_Handler
    startup_stm32g030xx.o(RESET) refers to stm32g0xx_it.o(.text.HardFault_Handler) for HardFault_Handler
    startup_stm32g030xx.o(RESET) refers to stm32g0xx_it.o(.text.SVC_Handler) for SVC_Handler
    startup_stm32g030xx.o(RESET) refers to stm32g0xx_it.o(.text.PendSV_Handler) for PendSV_Handler
    startup_stm32g030xx.o(RESET) refers to stm32g0xx_it.o(.text.SysTick_Handler) for SysTick_Handler
    startup_stm32g030xx.o(RESET) refers to stm32g0xx_it.o(.text.DMA1_Channel2_3_IRQHandler) for DMA1_Channel2_3_IRQHandler
    startup_stm32g030xx.o(RESET) refers to stm32g0xx_it.o(.text.ADC1_IRQHandler) for ADC1_IRQHandler
    startup_stm32g030xx.o(RESET) refers to stm32g0xx_it.o(.text.TIM1_BRK_UP_TRG_COM_IRQHandler) for TIM1_BRK_UP_TRG_COM_IRQHandler
    startup_stm32g030xx.o(RESET) refers to stm32g0xx_it.o(.text.USART1_IRQHandler) for USART1_IRQHandler
    startup_stm32g030xx.o(RESET) refers to stm32g0xx_it.o(.text.USART2_IRQHandler) for USART2_IRQHandler
    startup_stm32g030xx.o(.text) refers (Special) to heapauxi.o(.text) for __use_two_region_memory
    startup_stm32g030xx.o(.text) refers to system_stm32g0xx.o(.text.SystemInit) for SystemInit
    startup_stm32g030xx.o(.text) refers to __main.o(!!!main) for __main
    startup_stm32g030xx.o(.text) refers to startup_stm32g030xx.o(HEAP) for Heap_Mem
    startup_stm32g030xx.o(.text) refers to startup_stm32g030xx.o(STACK) for Stack_Mem
    main.o(.text.main) refers to stm32g0xx_hal.o(.text.HAL_Init) for HAL_Init
    main.o(.text.main) refers to main.o(.text.SystemClock_Config) for SystemClock_Config
    main.o(.text.main) refers to gpio.o(.text.MX_GPIO_Init) for MX_GPIO_Init
    main.o(.text.main) refers to dma.o(.text.MX_DMA_Init) for MX_DMA_Init
    main.o(.text.main) refers to spi.o(.text.MX_SPI1_Init) for MX_SPI1_Init
    main.o(.text.main) refers to usart.o(.text.MX_USART1_UART_Init) for MX_USART1_UART_Init
    main.o(.text.main) refers to usart.o(.text.MX_USART2_UART_Init) for MX_USART2_UART_Init
    main.o(.text.main) refers to adc.o(.text.MX_ADC1_Init) for MX_ADC1_Init
    main.o(.text.main) refers to tim.o(.text.MX_TIM1_Init) for MX_TIM1_Init
    main.o(.text.main) refers to system.o(.text.system_init) for system_init
    main.o(.text.main) refers to system.o(.text.system_loop) for system_loop
    main.o(.ARM.exidx.text.main) refers to main.o(.text.main) for [Anonymous Symbol]
    main.o(.text.SystemClock_Config) refers to rt_memclr.o(.text) for __aeabi_memclr4
    main.o(.text.SystemClock_Config) refers to stm32g0xx_hal_pwr_ex.o(.text.HAL_PWREx_ControlVoltageScaling) for HAL_PWREx_ControlVoltageScaling
    main.o(.text.SystemClock_Config) refers to stm32g0xx_hal_rcc.o(.text.HAL_RCC_OscConfig) for HAL_RCC_OscConfig
    main.o(.text.SystemClock_Config) refers to stm32g0xx_hal_rcc.o(.text.HAL_RCC_ClockConfig) for HAL_RCC_ClockConfig
    main.o(.text.SystemClock_Config) refers to main.o(.text.Error_Handler) for Error_Handler
    main.o(.ARM.exidx.text.SystemClock_Config) refers to main.o(.text.SystemClock_Config) for [Anonymous Symbol]
    main.o(.ARM.exidx.text.Error_Handler) refers to main.o(.text.Error_Handler) for [Anonymous Symbol]
    gpio.o(.text.MX_GPIO_Init) refers to stm32g0xx_hal_gpio.o(.text.HAL_GPIO_WritePin) for HAL_GPIO_WritePin
    gpio.o(.text.MX_GPIO_Init) refers to stm32g0xx_hal_gpio.o(.text.HAL_GPIO_Init) for HAL_GPIO_Init
    gpio.o(.ARM.exidx.text.MX_GPIO_Init) refers to gpio.o(.text.MX_GPIO_Init) for [Anonymous Symbol]
    adc.o(.text.MX_ADC1_Init) refers to adc.o(.text.LL_APB2_GRP1_EnableClock) for LL_APB2_GRP1_EnableClock
    adc.o(.text.MX_ADC1_Init) refers to adc.o(.text.LL_IOP_GRP1_EnableClock) for LL_IOP_GRP1_EnableClock
    adc.o(.text.MX_ADC1_Init) refers to stm32g0xx_ll_gpio.o(.text.LL_GPIO_Init) for LL_GPIO_Init
    adc.o(.text.MX_ADC1_Init) refers to adc.o(.text.LL_DMA_SetPeriphRequest) for LL_DMA_SetPeriphRequest
    adc.o(.text.MX_ADC1_Init) refers to adc.o(.text.LL_DMA_SetDataTransferDirection) for LL_DMA_SetDataTransferDirection
    adc.o(.text.MX_ADC1_Init) refers to adc.o(.text.LL_DMA_SetChannelPriorityLevel) for LL_DMA_SetChannelPriorityLevel
    adc.o(.text.MX_ADC1_Init) refers to adc.o(.text.LL_DMA_SetMode) for LL_DMA_SetMode
[...]
    Heap_Mem                                 0x20000220   Data         512  startup_stm32g030xx.o(HEAP)
    HEAP                                     0x20000220   Section      512  startup_stm32g030xx.o(HEAP)
    Stack_Mem                                0x20000420   Data        1024  startup_stm32g030xx.o(STACK)
    STACK                                    0x20000420   Section     1024  startup_stm32g030xx.o(STACK)
    __initial_sp                             0x20000820   Data           0  startup_stm32g030xx.o(STACK)

    Global Symbols

    Symbol Name                              Value     Ov Type        Size  Object(Section)

    BuildAttributes$$THM_ISAv3M$S$PE$A:L22$X:L11$S22$IEEE1$IW$~IW$USESV6$~STKCKD$USESV7$~SHL$OTIME$ROPI$IEEEJ$EBA8$UX$STANDARDLIB$REQ8$PRES8$EABIv2 0x00000000   Number         0  anon$$obj.o ABSOLUTE
    _printf_flags                            0x00000000   Number         0  printf_stubs.o ABSOLUTE
    _printf_return_value                     0x00000000   Number         0  printf_stubs.o ABSOLUTE
    _printf_sizespec                         0x00000000   Number         0  printf_stubs.o ABSOLUTE
    _printf_widthprec                        0x00000000   Number         0  printf_stubs.o ABSOLUTE
    __ARM_exceptions_init                     - Undefined Weak Reference
    __alloca_initialize                       - Undefined Weak Reference
    __arm_preinit_                            - Undefined Weak Reference
    __cpp_initialize__aeabi_                  - Undefined Weak Reference
    __cxa_finalize                            - Undefined Weak Reference
    __sigvec_lookup                           - Undefined Weak Reference
    _atexit_init                              - Undefined Weak Reference
    _call_atexit_fns                          - Undefined Weak Reference
    _clock_init                               - Undefined Weak Reference
    _fp_trap_init                             - Undefined Weak Reference
    _fp_trap_shutdown                         - Undefined Weak Reference
    _get_lc_collate                           - Undefined Weak Reference
    _get_lc_monetary                          - Undefined Weak Reference
    _get_lc_time                              - Undefined Weak Reference
    _getenv_init                              - Undefined Weak Reference
    _handle_redirection                       - Undefined Weak Reference
    _init_alloc                               - Undefined Weak Reference
    _init_user_alloc                          - Undefined Weak Reference
    _initio                                   - Undefined Weak Reference
    _printf_mbtowc                            - Undefined Weak Reference
    _printf_wc                                - Undefined Weak Reference
    _rand_init                                - Undefined Weak Reference
    _signal_finish                            - Undefined Weak Reference
    _signal_init                              - Undefined Weak Reference
    _terminate_alloc                          - Undefined Weak Reference
    _terminate_user_alloc                     - Undefined Weak Reference
    _terminateio                              - Undefined Weak Reference
    __Vectors_Size                           0x000000c0   Number         0  startup_stm32g030xx.o ABSOLUTE
    __Vectors                                0x08000000   Data           4  startup_stm32g030xx.o(RESET)
    __Vectors_End                            0x080000c0   Data           0  startup_stm32g030xx.o(RESET)
    __main                                   0x080000c1   Thumb Code     8  __main.o(!!!main)
    __scatterload                            0x080000c9   Thumb Code     0  __scatter.o(!!!scatter)
    __scatterload_rt2                        0x080000c9   Thumb Code    52  __scatter.o(!!!scatter)
    __scatterload_rt2_thumb_only             0x080000c9   Thumb Code     0  __scatter.o(!!!scatter)
    __scatterload_null                       0x080000d9   Thumb Code     0  __scatter.o(!!!scatter)
    __scatterload_copy                       0x08000105   Thumb Code    26  __scatter_copy.o(!!handler_copy)
    __scatterload_zeroinit                   0x08000121   Thumb Code    28  __scatter_zi.o(!!handler_zi)
    _printf_percent                          0x0800013d   Thumb Code     0  _printf_percent.o(.ARM.Collect$$_printf_percent$$00000000)
    _printf_n                                0x0800013f   Thumb Code     0  _printf_n.o(.ARM.Collect$$_printf_percent$$00000001)
    _printf_p                                0x08000149   Thumb Code     0  _printf_p.o(.ARM.Collect$$_printf_percent$$00000002)
    _printf_f                                0x08000153   Thumb Code     0  _printf_f.o(.ARM.Collect$$_printf_percent$$00000003)
    _printf_e                                0x0800015d   Thumb Code     0  _printf_e.o(.ARM.Collect$$_printf_percent$$00000004)
    _printf_g                                0x08000167   Thumb Code     0  _printf_g.o(.ARM.Collect$$_printf_percent$$00000005)
    _printf_a                                0x08000171   Thumb Code     0  _printf_a.o(.ARM.Collect$$_printf_percent$$00000006)
    _printf_ll                               0x0800017b   Thumb Code     0  _printf_ll.o(.ARM.Collect$$_printf_percent$$00000007)
    _printf_i                                0x08000185   Thumb Code     0  _printf_i.o(.ARM.Collect$$_printf_percent$$00000008)
    _printf_d                                0x0800018f   Thumb Code     0  _printf_d.o(.ARM.Collect$$_printf_percent$$00000009)
    _printf_u                                0x08000199   Thumb Code     0  _printf_u.o(.ARM.Collect$$_printf_percent$$0000000A)
    _printf_o                                0x080001a3   Thumb Code     0  _printf_o.o(.ARM.Collect$$_printf_percent$$0000000B)
    _printf_x                                0x080001ad   Thumb Code     0  _printf_x.o(.ARM.Collect$$_printf_percent$$0000000C)
    _printf_lli                              0x080001b7   Thumb Code     0  _printf_lli.o(.ARM.Collect$$_printf_percent$$0000000D)
    _printf_lld                              0x080001c1   Thumb Code     0  _printf_lld.o(.ARM.Collect$$_printf_percent$$0000000E)
    _printf_llu                              0x080001cb   Thumb Code     0  _printf_llu.o(.ARM.Collect$$_printf_percent$$0000000F)
    _printf_llo                              0x080001d5   Thumb Code     0  _printf_llo.o(.ARM.Collect$$_printf_percent$$00000010)
    _printf_llx                              0x080001df   Thumb Code     0  _printf_llx.o(.ARM.Collect$$_printf_percent$$00000011)
    _printf_l                                0x080001e9   Thumb Code     0  _printf_l.o(.ARM.Collect$$_printf_percent$$00000012)
    _printf_c                                0x080001f3   Thumb Code     0  _printf_c.o(.ARM.Collect$$_printf_percent$$00000013)
    _printf_s                                0x080001fd   Thumb Code     0  _printf_s.o(.ARM.Collect$$_printf_percent$$00000014)
    _printf_lc                               0x08000207   Thumb Code     0  _printf_lc.o(.ARM.Collect$$_printf_percent$$00000015)
    _printf_ls                               0x08000211   Thumb Code     0  _printf_ls.o(.ARM.Collect$$_printf_percent$$00000016)
    _printf_percent_end                      0x0800021b   Thumb Code     0  _printf_percent_end.o(.ARM.Collect$$_printf_percent$$00000017)
    __rt_lib_init                            0x0800021f   Thumb Code     0  libinit.o(.ARM.Collect$$libinit$$00000000)
    __rt_lib_init_fp_1                       0x08000221   Thumb Code     0  libinit2.o(.ARM.Collect$$libinit$$00000002)
    __rt_lib_init_heap_1                     0x08000221   Thumb Code     0  libinit2.o(.ARM.Collect$$libinit$$0000000A)
    __rt_lib_init_lc_common                  0x08000221   Thumb Code     0  libinit2.o(.ARM.Collect$$libinit$$0000000F)
    __rt_lib_init_preinit_1                  0x08000221   Thumb Code     0  libinit2.o(.ARM.Collect$$libinit$$00000004)
    __rt_lib_init_rand_1                     0x08000221   Thumb Code     0  libinit2.o(.ARM.Collect$$libinit$$0000000E)
    __rt_lib_init_user_alloc_1               0x08000221   Thumb Code     0  libinit2.o(.ARM.Collect$$libinit$$0000000C)
    __rt_lib_init_lc_collate_1               0x08000227   Thumb Code     0  libinit2.o(.ARM.Collect$$libinit$$00000011)
    __rt_lib_init_lc_ctype_2                 0x08000227   Thumb Code     0  libinit2.o(.ARM.Collect$$libinit$$00000012)
    __rt_lib_init_lc_ctype_1                 0x08000233   Thumb Code     0  libinit2.o(.ARM.Collect$$libinit$$00000013)
    __rt_lib_init_lc_monetary_1              0x08000233   Thumb Code     0  libinit2.o(.ARM.Collect$$libinit$$00000015)
    __rt_lib_init_lc_numeric_2               0x08000233   Thumb Code     0  libinit2.o(.ARM.Collect$$libinit$$00000016)
    __rt_lib_init_alloca_1                   0x0800023d   Thumb Code     0  libinit2.o(.ARM.Collect$$libinit$$0000002E)
    __rt_lib_init_argv_1                     0x0800023d   Thumb Code     0  libinit2.o(.ARM.Collect$$libinit$$0000002C)
    __rt_lib_init_atexit_1                   0x0800023d   Thumb Code     0  libinit2.o(.ARM.Collect$$libinit$$0000001B)
    __rt_lib_init_clock_1                    0x0800023d   Thumb Code     0  libinit2.o(.ARM.Collect$$libinit$$00000021)
    __rt_lib_init_cpp_1                      0x0800023d   Thumb Code     0  libinit2.o(.ARM.Collect$$libinit$$00000032)
    __rt_lib_init_exceptions_1               0x0800023d   Thumb Code     0  libinit2.o(.ARM.Collect$$libinit$$00000030)
    __rt_lib_init_fp_trap_1                  0x0800023d   Thumb Code     0  libinit2.o(.ARM.Collect$$libinit$$0000001F)
    __rt_lib_init_getenv_1                   0x0800023d   Thumb Code     0  libinit2.o(.ARM.Collect$$libinit$$00000023)
    __rt_lib_init_lc_numeric_1               0x0800023d   Thumb Code     0  libinit2.o(.ARM.Collect$$libinit$$00000017)
    __rt_lib_init_lc_time_1                  0x0800023d   Thumb Code     0  libinit2.o(.ARM.Collect$$libinit$$00000019)
    __rt_lib_init_return                     0x0800023d   Thumb Code     0  libinit2.o(.ARM.Collect$$libinit$$00000033)
    __rt_lib_init_signal_1                   0x0800023d   Thumb Code     0  libinit2.o(.ARM.Collect$$libinit$$0000001D)
    __rt_lib_init_stdio_1                    0x0800023d   Thumb Code     0  libinit2.o(.ARM.Collect$$libinit$$00000025)
    __rt_lib_shutdown                        0x0800023f   Thumb Code     0  libshutdown.o(.ARM.Collect$$libshutdown$$00000000)
    __rt_lib_shutdown_cpp_1                  0x08000241   Thumb Code     0  libshutdown2.o(.ARM.Collect$$libshutdown$$00000002)
    __rt_lib_shutdown_fp_trap_1              0x08000241   Thumb Code     0  libshutdown2.o(.ARM.Collect$$libshutdown$$00000007)
    __rt_lib_shutdown_heap_1                 0x08000241   Thumb Code     0  libshutdown2.o(.ARM.Collect$$libshutdown$$0000000F)
    __rt_lib_shutdown_return                 0x08000241   Thumb Code     0  libshutdown2.o(.ARM.Collect$$libshutdown$$00000010)
    __rt_lib_shutdown_signal_1               0x08000241   Thumb Code     0  libshutdown2.o(.ARM.Collect$$libshutdown$$0000000A)
    __rt_lib_shutdown_stdio_1                0x08000241   Thumb Code     0  libshutdown2.o(.ARM.Collect$$libshutdown$$00000004)
    __rt_lib_shutdown_user_alloc_1           0x08000241   Thumb Code     0  libshutdown2.o(.ARM.Collect$$libshutdown$$0000000C)
    __rt_entry                               0x08000243   Thumb Code     0  __rtentry.o(.ARM.Collect$$rtentry$$00000000)
    __rt_entry_presh_1                       0x08000243   Thumb Code     0  __rtentry2.o(.ARM.Collect$$rtentry$$00000002)
    __rt_entry_sh                            0x08000243   Thumb Code     0  __rtentry4.o(.ARM.Collect$$rtentry$$00000004)
    __rt_entry_li                            0x08000249   Thumb Code     0  __rtentry2.o(.ARM.Collect$$rtentry$$0000000A)
    __rt_entry_postsh_1                      0x08000249   Thumb Code     0  __rtentry2.o(.ARM.Collect$$rtentry$$00000009)
    __rt_entry_main                          0x0800024d   Thumb Code     0  __rtentry2.o(.ARM.Collect$$rtentry$$0000000D)
    __rt_entry_postli_1                      0x0800024d   Thumb Code     0  __rtentry2.o(.ARM.Collect$$rtentry$$0000000C)
    __rt_exit                                0x08000255   Thumb Code     0  rtexit.o(.ARM.Collect$$rtexit$$00000000)
    __rt_exit_ls                             0x08000257   Thumb Code     0  rtexit2.o(.ARM.Collect$$rtexit$$00000003)
    __rt_exit_prels_1                        0x08000257   Thumb Code     0  rtexit2.o(.ARM.Collect$$rtexit$$00000002)
    __rt_exit_exit                           0x0800025b   Thumb Code     0  rtexit2.o(.ARM.Collect$$rtexit$$00000004)
    Reset_Handler                            0x08000261   Thumb Code     8  startup_stm32g030xx.o(.text)
    DMA1_Ch4_5_DMAMUX1_OVR_IRQHandler        0x08000273   Thumb Code     0  startup_stm32g030xx.o(.text)
    DMA1_Channel1_IRQHandler                 0x08000273   Thumb Code     0  startup_stm32g030xx.o(.text)
    EXTI0_1_IRQHandler                       0x08000273   Thumb Code     0  startup_stm32g030xx.o(.text)
    EXTI2_3_IRQHandler                       0x08000273   Thumb Code     0  startup_stm32g030xx.o(.text)
    EXTI4_15_IRQHandler                      0x08000273   Thumb Code     0  startup_stm32g030xx.o(.text)
    FLASH_IRQHandler                         0x08000273   Thumb Code     0  startup_stm32g030xx.o(.text)
    I2C1_IRQHandler                          0x08000273   Thumb Code     0  startup_stm32g030xx.o(.text)
    I2C2_IRQHandler                          0x08000273   Thumb Code     0  startup_stm32g030xx.o(.text)
    RCC_IRQHandler                           0x08000273   Thumb Code     0  startup_stm32g030xx.o(.text)
    RTC_TAMP_IRQHandler                      0x08000273   Thumb Code     0  startup_stm32g030xx.o(.text)
    SPI1_IRQHandler                          0x08000273   Thumb Code     0  startup_stm32g030xx.o(.text)
    SPI2_IRQHandler                          0x08000273   Thumb Code     0  startup_stm32g030xx.o(.text)
    TIM14_IRQHandler                         0x08000273   Thumb Code     0  startup_stm32g030xx.o(.text)
    TIM16_IRQHandler                         0x08000273   Thumb Code     0  startup_stm32g030xx.o(.text)
    TIM17_IRQHandler                         0x08000273   Thumb Code     0  startup_stm32g030xx.o(.text)
    TIM1_CC_IRQHandler                       0x08000273   Thumb Code     0  startup_stm32g030xx.o(.text)
    TIM3_IRQHandler                          0x08000273   Thumb Code     0  startup_stm32g030xx.o(.text)
    WWDG_IRQHandler                          0x08000273   Thumb Code     0  startup_stm32g030xx.o(.text)
    __user_initial_stackheap                 0x08000275   Thumb Code     0  startup_stm32g030xx.o(.text)
    vsnprintf                                0x08000299   Thumb Code    50  vsnprintf.o(.text)
    __2snprintf                              0x080002d1   Thumb Code    54  __2snprintf.o(.text)
    _printf_pre_padding                      0x0800030d   Thumb Code    44  _printf_pad.o(.text)
    _printf_post_padding                     0x08000339   Thumb Code    34  _printf_pad.o(.text)
    _printf_int_dec                          0x0800035d   Thumb Code    90  _printf_dec.o(.text)
    _printf_longlong_hex                     0x080003c9   Thumb Code    88  _printf_hex_int_ll_ptr.o(.text)
    _printf_int_hex                          0x08000421   Thumb Code    28  _printf_hex_int_ll_ptr.o(.text)
    _printf_ll_hex                           0x0800043d   Thumb Code    10  _printf_hex_int_ll_ptr.o(.text)
    _printf_hex_ptr                          0x08000447   Thumb Code    22  _printf_hex_int_ll_ptr.o(.text)
    __printf                                 0x08000461   Thumb Code   386  __printf_flags_ss_wp.o(.text)
    strlen                                   0x080005e9   Thumb Code    62  strlen.o(.text)
    _memset_w                                0x0800062d   Thumb Code    26  rt_memclr.o(.text)
    _memset                                  0x08000647   Thumb Code    30  rt_memclr.o(.text)
    __aeabi_memclr                           0x08000665   Thumb Code     4  rt_memclr.o(.text)
    __rt_memclr                              0x08000665   Thumb Code     0  rt_memclr.o(.text)
    __aeabi_memclr4                          0x08000669   Thumb Code     0  rt_memclr.o(.text)
    __aeabi_memclr8                          0x08000669   Thumb Code     0  rt_memclr.o(.text)
    __rt_memclr_w                            0x08000669   Thumb Code     4  rt_memclr.o(.text)
    __aeabi_uidivmod                         0x0800066d   Thumb Code    28  aeabi_sdivfast.o(.text)
    __aeabi_idivmod                          0x08000689   Thumb Code   472  aeabi_sdivfast.o(.text)
    __use_two_region_memory                  0x08000865   Thumb Code     2  heapauxi.o(.text)
    __rt_heap_escrow$2region                 0x08000867   Thumb Code     2  heapauxi.o(.text)
    __rt_heap_expand$2region                 0x08000869   Thumb Code     2  heapauxi.o(.text)
    __aeabi_fdiv                             0x0800086d   Thumb Code     0  fdiv.o(.text)
    _fdiv                                    0x0800086d   Thumb Code   334  fdiv.o(.text)
    _frdiv                                   0x080009bb   Thumb Code     8  fdiv.o(.text)
    __aeabi_i2f_normalise                    0x080009cd   Thumb Code    72  fflti.o(.text)
    __aeabi_i2f                              0x08000a15   Thumb Code    16  fflti.o(.text)
    _fflt                                    0x08000a15   Thumb Code     0  fflti.o(.text)
    __aeabi_ui2f                             0x08000a25   Thumb Code     6  fflti.o(.text)
    _ffltu                                   0x08000a25   Thumb Code     0  fflti.o(.text)
    _printf_truncate_signed                  0x08000a2b   Thumb Code    18  _printf_truncate.o(.text)
    _printf_truncate_unsigned                0x08000a3d   Thumb Code    18  _printf_truncate.o(.text)
    _printf_str                              0x08000a4f   Thumb Code    82  _printf_str.o(.text)
    _printf_int_common                       0x08000aa1   Thumb Code   176  _printf_intcommon.o(.text)
    _printf_charcount                        0x08000b51   Thumb Code    38  _printf_charcount.o(.text)
    _printf_char_common                      0x08000b83   Thumb Code    32  _printf_char_common.o(.text)
    _sputc                                   0x08000ba9   Thumb Code    10  _sputc.o(.text)
    _snputc                                  0x08000bb3   Thumb Code    16  _snputc.o(.text)
    _printf_wctomb                           0x08000bc5   Thumb Code   182  _printf_wctomb.o(.text)
    _printf_longlong_dec                     0x08000c81   Thumb Code    94  _printf_longlong_dec.o(.text)
    _printf_longlong_oct                     0x08000cf1   Thumb Code    68  _printf_oct_int_ll.o(.text)
    _printf_int_oct                          0x08000d35   Thumb Code    24  _printf_oct_int_ll.o(.text)
    _printf_ll_oct                           0x08000d4d   Thumb Code    10  _printf_oct_int_ll.o(.text)
    __rt_udiv10                              0x08000d61   Thumb Code    40  rtudiv10.o(.text)
    _ll_udiv10                               0x08000d89   Thumb Code   122  lludiv10.o(.text)
    _printf_fp_dec_real                      0x08000fa1   Thumb Code   620  _printf_fp_dec.o(.text)
    _printf_fp_hex_real                      0x08001219   Thumb Code   718  _printf_fp_hex.o(.text)
    _printf_cs_common                        0x080014f1   Thumb Code    22  _printf_char.o(.text)
    _printf_char                             0x08001507   Thumb Code    16  _printf_char.o(.text)
    _printf_string                           0x08001517   Thumb Code     8  _printf_char.o(.text)
    _printf_lcs_common                       0x0800151f   Thumb Code    22  _printf_wchar.o(.text)
    _printf_wchar                            0x08001535   Thumb Code    16  _printf_wchar.o(.text)
    _printf_wstring                          0x08001545   Thumb Code     8  _printf_wchar.o(.text)
    _c16rtomb                                0x0800154d   Thumb Code    66  _c16rtomb.o(.text)
    _wcrtomb                                 0x0800154d   Thumb Code     0  _c16rtomb.o(.text)
    __fpl_fcmp_InfNaN                        0x08001591   Thumb Code    96  fcmpin.o(.text)
    __user_setup_stackheap                   0x080015f5   Thumb Code    62  sys_stackheap_outer.o(.text)
    __rt_ctype_table                         0x08001635   Thumb Code    16  rt_ctype_table.o(.text)
    __rt_locale                              0x08001645   Thumb Code     8  rt_locale_intlibspace.o(.text)
    _printf_fp_infnan                        0x0800164d   Thumb Code   120  _printf_fp_infnan.o(.text)
    _btod_etento                             0x080016d5   Thumb Code   210  bigflt0.o(.text)
    _btod_d2e                                0x080017ad   Thumb Code    64  btod.o(.text)
    _btod_emul                               0x08001be1   Thumb Code    28  btod.o(.text)
    _btod_emuld                              0x08001bfd   Thumb Code   144  btod.o(.text)
    _btod_ediv                               0x08001c8d   Thumb Code    26  btod.o(.text)
    _btod_edivd                              0x08001ca7   Thumb Code   124  btod.o(.text)
    exit                                     0x08001d2d   Thumb Code    16  exit.o(.text)
    __fpl_cmpreturn                          0x08001d3d   Thumb Code    46  cmpret.o(.text)
    __fpl_fcheck_NaN2                        0x08001d6d   Thumb Code    10  fnan2.o(.text)
    __user_libspace                          0x08001d7d   Thumb Code     8  libspace.o(.text)
    __user_perproc_libspace                  0x08001d7d   Thumb Code     0  libspace.o(.text)
    __user_perthread_libspace                0x08001d7d   Thumb Code     0  libspace.o(.text)
    strcmp                                   0x08001d85   Thumb Code   176  strcmpv6m.o(.text)
    __fpl_return_NaN                         0x08001e35   Thumb Code    94  retnan.o(.text)
    _sys_exit                                0x08001e95   Thumb Code     8  sys_exit.o(.text)
    __I$use$semihosting                      0x08001ea1   Thumb Code     0  use_no_semi.o(.text)
    __use_no_semihosting_swi                 0x08001ea1   Thumb Code     2  use_no_semi.o(.text)
    ADC1_IRQHandler                          0x08001ea3   Thumb Code    20  stm32g0xx_it.o(.text.ADC1_IRQHandler)
    __semihosting_library_function           0x08001ea3   Thumb Code     0  indicate_semi.o(.text)
    DMA1_Channel2_3_IRQHandler               0x08001eb7   Thumb Code    20  stm32g0xx_it.o(.text.DMA1_Channel2_3_IRQHandler)
    Error_Handler                            0x08001ecb   Thumb Code     8  main.o(.text.Error_Handler)
    HAL_Delay                                0x08001ed5   Thumb Code    32  stm32g0xx_hal.o(.text.HAL_Delay)
    HAL_GPIO_Init                            0x08001ef5   Thumb Code   388  stm32g0xx_hal_gpio.o(.text.HAL_GPIO_Init)
    HAL_GPIO_TogglePin                       0x0800208d   Thumb Code    16  stm32g0xx_hal_gpio.o(.text.HAL_GPIO_TogglePin)
    HAL_GPIO_WritePin                        0x0800209d   Thumb Code    16  stm32g0xx_hal_gpio.o(.text.HAL_GPIO_WritePin)
    HAL_GetTick                              0x080020ad   Thumb Code     8  stm32g0xx_hal.o(.text.HAL_GetTick)
    HAL_IncTick                              0x080020b5   Thumb Code    16  stm32g0xx_hal.o(.text.HAL_IncTick)
    HAL_Init                                 0x080020c9   Thumb Code    40  stm32g0xx_hal.o(.text.HAL_Init)
    HAL_InitTick                             0x080020f1   Thumb Code    64  stm32g0xx_hal.o(.text.HAL_InitTick)
    HAL_MspInit                              0x08002135   Thumb Code    40  stm32g0xx_hal_msp.o(.text.HAL_MspInit)
    HAL_NVIC_SetPriority                     0x08002161   Thumb Code     8  stm32g0xx_hal_cortex.o(.text.HAL_NVIC_SetPriority)
    HAL_PWREx_ControlVoltageScaling          0x08002169   Thumb Code    72  stm32g0xx_hal_pwr_ex.o(.text.HAL_PWREx_ControlVoltageScaling)
    HAL_RCCEx_PeriphCLKConfig                0x080021b5   Thumb Code   372  stm32g0xx_hal_rcc_ex.o(.text.HAL_RCCEx_PeriphCLKConfig)
    HAL_RCC_ClockConfig                      0x08002339   Thumb Code   352  stm32g0xx_hal_rcc.o(.text.HAL_RCC_ClockConfig)
    HAL_RCC_GetSysClockFreq                  0x080024ad   Thumb Code   124  stm32g0xx_hal_rcc.o(.text.HAL_RCC_GetSysClockFreq)
    HAL_RCC_OscConfig                        0x08002535   Thumb Code  1048  stm32g0xx_hal_rcc.o(.text.HAL_RCC_OscConfig)
    HAL_SPI_Init                             0x08002969   Thumb Code   248  stm32g0xx_hal_spi.o(.text.HAL_SPI_Init)
    HAL_SPI_MspInit                          0x08002a61   Thumb Code    92  spi.o(.text.HAL_SPI_MspInit)
    HAL_SPI_Receive                          0x08002ac5   Thumb Code   366  stm32g0xx_hal_spi.o(.text.HAL_SPI_Receive)
    HAL_SPI_Transmit                         0x08002c35   Thumb Code   356  stm32g0xx_hal_spi.o(.text.HAL_SPI_Transmit)
    HAL_SPI_TransmitReceive                  0x08002d9d   Thumb Code   504  stm32g0xx_hal_spi.o(.text.HAL_SPI_TransmitReceive)
    HAL_SYSTICK_Config                       0x08002f99   Thumb Code     8  stm32g0xx_hal_cortex.o(.text.HAL_SYSTICK_Config)
    HardFault_Handler                        0x08002fa1   Thumb Code     2  stm32g0xx_it.o(.text.HardFault_Handler)
    LL_ADC_Init                              0x08003011   Thumb Code    56  stm32g0xx_ll_adc.o(.text.LL_ADC_Init)
    LL_ADC_REG_Init                          0x080030b5   Thumb Code   112  stm32g0xx_ll_adc.o(.text.LL_ADC_REG_Init)
    LL_GPIO_Init                             0x080033f1   Thumb Code   122  stm32g0xx_ll_gpio.o(.text.LL_GPIO_Init)
    LL_RCC_GetSystemClocksFreq               0x08003535   Thumb Code    24  stm32g0xx_ll_rcc.o(.text.LL_RCC_GetSystemClocksFreq)
    LL_RCC_GetUSARTClockFreq                 0x0800354d   Thumb Code    80  stm32g0xx_ll_rcc.o(.text.LL_RCC_GetUSARTClockFreq)
    LL_TIM_Init                              0x0800366d   Thumb Code   136  stm32g0xx_ll_tim.o(.text.LL_TIM_Init)
    LL_USART_Init                            0x080037b5   Thumb Code   136  stm32g0xx_ll_usart.o(.text.LL_USART_Init)
    LL_mDelay                                0x08003979   Thumb Code    36  stm32g0xx_ll_utils.o(.text.LL_mDelay)
    MX_ADC1_Init                             0x080039a1   Thumb Code   208  adc.o(.text.MX_ADC1_Init)
    MX_DMA_Init                              0x08003a79   Thumb Code    16  dma.o(.text.MX_DMA_Init)
    MX_GPIO_Init                             0x08003a89   Thumb Code   188  gpio.o(.text.MX_GPIO_Init)
    MX_SPI1_Init                             0x08003b51   Thumb Code    64  spi.o(.text.MX_SPI1_Init)
    MX_TIM1_Init                             0x08003b99   Thumb Code    76  tim.o(.text.MX_TIM1_Init)
    MX_USART1_UART_Init                      0x08003be9   Thumb Code   248  usart.o(.text.MX_USART1_UART_Init)
    MX_USART2_UART_Init                      0x08003ced   Thumb Code   184  usart.o(.text.MX_USART2_UART_Init)
    NMI_Handler                              0x08003da9   Thumb Code     2  stm32g0xx_it.o(.text.NMI_Handler)
    PendSV_Handler                           0x08003dab   Thumb Code     2  stm32g0xx_it.o(.text.PendSV_Handler)
    SVC_Handler                              0x080040d1   Thumb Code     2  stm32g0xx_it.o(.text.SVC_Handler)
    SysTick_Handler                          0x080040fd   Thumb Code     8  stm32g0xx_it.o(.text.SysTick_Handler)
    SystemClock_Config                       0x08004105   Thumb Code   104  main.o(.text.SystemClock_Config)
    SystemInit                               0x0800416d   Thumb Code     2  system_stm32g0xx.o(.text.SystemInit)
    TIM1_BRK_UP_TRG_COM_IRQHandler           0x0800416f   Thumb Code    20  stm32g0xx_it.o(.text.TIM1_BRK_UP_TRG_COM_IRQHandler)
    USART1_IRQHandler                        0x08004185   Thumb Code    32  stm32g0xx_it.o(.text.USART1_IRQHandler)
    USART2_IRQHandler                        0x080041a5   Thumb Code    32  stm32g0xx_it.o(.text.USART2_IRQHandler)
    adc_enable                               0x08004291   Thumb Code    78  utils.o(.text.adc_enable)
    adc_overrun_callback                     0x080042df   Thumb Code     2  utils.o(.text.adc_overrun_callback)
    adc_start                                0x080042e1   Thumb Code    42  utils.o(.text.adc_start)
    configure_adc_dma                        0x0800430d   Thumb Code    40  utils.o(.text.configure_adc_dma)
    debug_uart_rx_callback                   0x08004339   Thumb Code     2  utils.o(.text.debug_uart_rx_callback)
    debug_uart_tx                            0x0800433d   Thumb Code    56  utils.o(.text.debug_uart_tx)
    debug_uart_tx_dma_cplt_callback          0x08004379   Thumb Code     2  utils.o(.text.debug_uart_tx_dma_cplt_callback)
    get_battery_voltage                      0x0800437d   Thumb Code    32  utils.o(.text.get_battery_voltage)
    main                                     0x080043a9   Thumb Code    46  main.o(.text.main)
    millis                                   0x080043d9   Thumb Code     8  utils.o(.text.millis)
    mk8000_parse_char                        0x080043e5   Thumb Code    96  mk8000.o(.text.mk8000_parse_char)
    mk8000_parse_frame                       0x0800444d   Thumb Code    92  mk8000.o(.text.mk8000_parse_frame)
    mk8000_read_all_param                    0x080044ad   Thumb Code    36  mk8000.o(.text.mk8000_read_all_param)
    mk8000_set_host_addr                     0x080044d9   Thumb Code    36  mk8000.o(.text.mk8000_set_host_addr)
    mk8000_set_mode                          0x08004511   Thumb Code    56  mk8000.o(.text.mk8000_set_mode)
    mk8000_set_period                        0x08004551   Thumb Code    56  mk8000.o(.text.mk8000_set_period)
    mk8000_set_pid                           0x080045a1   Thumb Code    36  mk8000.o(.text.mk8000_set_pid)
    mk8000_set_role                          0x080045d5   Thumb Code    56  mk8000.o(.text.mk8000_set_role)
    mk8000_set_slave_addr                    0x08004619   Thumb Code    52  mk8000.o(.text.mk8000_set_slave_addr)
    mk8000_set_tx_power                      0x08004665   Thumb Code    36  mk8000.o(.text.mk8000_set_tx_power)
    mk8000_slave_init                        0x08004699   Thumb Code   138  mk8000.o(.text.mk8000_slave_init)
    mk8000_software_reset                    0x08004725   Thumb Code    36  mk8000.o(.text.mk8000_software_reset)
    mk8000_uart_callback                     0x08004755   Thumb Code    28  utils.o(.text.mk8000_uart_callback)
    mk8000_uart_send                         0x08004779   Thumb Code     8  mk8000.o(.text.mk8000_uart_send)
    mk8000_uart_start                        0x08004781   Thumb Code    12  utils.o(.text.mk8000_uart_start)
    mk8000_uart_tx                           0x0800478d   Thumb Code    56  utils.o(.text.mk8000_uart_tx)
    si24r1_check_connection                  0x080047c9   Thumb Code   104  si24r1.o(.text.si24r1_check_connection)
    si24r1_clear_irq_all                     0x08004835   Thumb Code    48  si24r1.o(.text.si24r1_clear_irq_all)
    si24r1_get_status                        0x08004865   Thumb Code    40  si24r1.o(.text.si24r1_get_status)
    si24r1_init                              0x0800488d   Thumb Code   220  si24r1.o(.text.si24r1_init)
    si24r1_read_buf                          0x0800499d   Thumb Code    60  si24r1.o(.text.si24r1_read_buf)
    si24r1_read_reg                          0x080049d9   Thumb Code    48  si24r1.o(.text.si24r1_read_reg)
    si24r1_read_write_byte                   0x08004a09   Thumb Code    36  si24r1.o(.text.si24r1_read_write_byte)
    si24r1_set_channel                       0x08004a2d   Thumb Code    14  si24r1.o(.text.si24r1_set_channel)
    si24r1_set_mode                          0x08004a3b   Thumb Code    30  si24r1.o(.text.si24r1_set_mode)
    si24r1_set_power                         0x08004a59   Thumb Code    32  si24r1.o(.text.si24r1_set_power)
    si24r1_set_rx_addr                       0x08004a79   Thumb Code    26  si24r1.o(.text.si24r1_set_rx_addr)
    si24r1_set_speed                         0x08004a93   Thumb Code    40  si24r1.o(.text.si24r1_set_speed)
    si24r1_set_tx_addr                       0x08004abb   Thumb Code    20  si24r1.o(.text.si24r1_set_tx_addr)
    si24r1_write_buf                         0x08004ad1   Thumb Code    64  si24r1.o(.text.si24r1_write_buf)
    si24r1_write_reg                         0x08004b15   Thumb Code    54  si24r1.o(.text.si24r1_write_reg)
    slog                                     0x08004b4d   Thumb Code    52  utils.o(.text.slog)
    system_2khz_timer_callback               0x08004b85   Thumb Code    16  utils.o(.text.system_2khz_timer_callback)
    system_2khz_timer_start                  0x08004b9d   Thumb Code    16  utils.o(.text.system_2khz_timer_start)
    system_init                              0x08004bad   Thumb Code   124  system.o(.text.system_init)
    system_loop                              0x08004ca5   Thumb Code    64  system.o(.text.system_loop)
    __aeabi_uidiv                            0x08004cf5   Thumb Code    68  aeabi_sdivfast.o(.text_divfast)
    __aeabi_idiv                             0x08004d39   Thumb Code   434  aeabi_sdivfast.o(.text_divfast)
    __ARM_common_ll_muluu                    0x08004eeb   Thumb Code    48  btod.o(i.__ARM_common_ll_muluu)
    __ARM_fpclassify                         0x08004f1d   Thumb Code    40  fpclassify.o(i.__ARM_fpclassify)
    __aeabi_fcmpge                           0x08004f49   Thumb Code     0  fcmp.o(i._fgeq)
    _fgeq                                    0x08004f49   Thumb Code    22  fcmp.o(i._fgeq)
    _is_digit                                0x08004f5f   Thumb Code    14  __printf_wp.o(i._is_digit)
    _get_lc_numeric                          0x08004f6d   Thumb Code    44  lc_numeric_c.o(locale$$code)
    _get_lc_ctype                            0x08004f99   Thumb Code    44  lc_ctype_c.o(locale$$code)
    __aeabi_fadd                             0x08004fc5   Thumb Code     0  faddsub.o(x$fpl$fadd)
    _fadd                                    0x08004fc5   Thumb Code   134  faddsub.o(x$fpl$fadd)
    _fcmpge                                  0x08005051   Thumb Code    78  fgef.o(x$fpl$fgeqf)
    __aeabi_fmul                             0x080050a5   Thumb Code     0  fmul.o(x$fpl$fmul)
    _fmul                                    0x080050a5   Thumb Code   172  fmul.o(x$fpl$fmul)
    __aeabi_fsub                             0x08005155   Thumb Code     0  faddsub.o(x$fpl$fsub)
    _fsub                                    0x08005155   Thumb Code   204  faddsub.o(x$fpl$fsub)
    _printf_fp_dec                           0x08005225   Thumb Code    16  printf1.o(x$fpl$printf1)
    _printf_fp_hex                           0x08005235   Thumb Code    16  printf2.o(x$fpl$printf2)
    __I$use$fp                               0x08005244   Number         0  usenofp.o(x$fpl$usenofp)
    AHBPrescTable                            0x08005384   Data          64  system_stm32g0xx.o(.rodata.AHBPrescTable)
    APBPrescTable                            0x080053c4   Data          32  system_stm32g0xx.o(.rodata.APBPrescTable)
    Region$$Table$$Base                      0x08005414   Number         0  anon$$obj.o(Region$$Table)
    Region$$Table$$Limit                     0x08005434   Number         0  anon$$obj.o(Region$$Table)
    __ctype                                  0x0800545d   Data           0  lc_ctype_c.o(locale$$data)
    SystemCoreClock                          0x20000000   Data           4  system_stm32g0xx.o(.data.SystemCoreClock)
    si24r1_rx_address                        0x20000004   Data           5  si24r1.o(.data.si24r1_rx_address)
    si24r1_tx_address                        0x20000009   Data           5  si24r1.o(.data.si24r1_tx_address)
    uwTickFreq                               0x2000000e   Data           1  stm32g0xx_hal.o(.data.uwTickFreq)
    uwTickPrio                               0x20000010   Data           4  stm32g0xx_hal.o(.data.uwTickPrio)
    __libspace_start                         0x20000018   Data          96  libspace.o(.bss)
    __temporary_stack_top$libspace           0x20000078   Data           0  libspace.o(.bss)
    adc_buffer                               0x20000078   Data           2  utils.o(.bss.adc_buffer)
    battery_voltage                          0x2000007c   Data           4  system.o(.bss.battery_voltage)
    cmd_buffer                               0x20000094   Data         128  mk8000.o(.bss.cmd_buffer)
    frame                                    0x20000114   Data          24  system.o(.bss.frame)
    frame_ready                              0x2000012c   Data           1  system.o(.bss.frame_ready)
    hspi1                                    0x20000130   Data         100  spi.o(.bss.hspi1)
    log_buffer                               0x20000194   Data         128  utils.o(.bss.log_buffer)
    system_2khz_tick                         0x20000214   Data           4  utils.o(.bss.system_2khz_tick)
    system_2khz_update                       0x20000218   Data           1  utils.o(.bss.system_2khz_update)
    uwTick                                   0x2000021c   Data           4  stm32g0xx_hal.o(.bss.uwTick)



==============================================================================

Memory Map of the image

  Image Entry point : 0x080000c1

  Load Region LR_IROM1 (Base: 0x08000000, Size: 0x00005578, Max: 0x00008000, ABSOLUTE)

    Execution Region ER_IROM1 (Exec base: 0x08000000, Load base: 0x08000000, Size: 0x00005560, Max: 0x00008000, ABSOLUTE)

    Exec Addr    Load Addr    Size         Type   Attr      Idx    E Section Name        Object

    0x08000000   0x08000000   0x000000c0   Data   RO            3    RESET               startup_stm32g030xx.o
    0x080000c0   0x080000c0   0x00000008   Code   RO         1558  * !!!main             c_p.l(__main.o)
    0x080000c8   0x080000c8   0x0000003c   Code   RO         1880    !!!scatter          c_p.l(__scatter.o)
    0x08000104   0x08000104   0x0000001a   Code   RO         1882    !!handler_copy      c_p.l(__scatter_copy.o)
    0x0800011e   0x0800011e   0x00000002   PAD
    0x08000120   0x08000120   0x0000001c   Code   RO         1884    !!handler_zi        c_p.l(__scatter_zi.o)
    0x0800013c   0x0800013c   0x00000002   Code   RO         1543    .ARM.Collect$$_printf_percent$$00000000  c_p.l(_printf_percent.o)
    0x0800013e   0x0800013e   0x0000000a   Code   RO         1617    .ARM.Collect$$_printf_percent$$00000001  c_p.l(_printf_n.o)
    0x08000148   0x08000148   0x0000000a   Code   RO         1618    .ARM.Collect$$_printf_percent$$00000002  c_p.l(_printf_p.o)
    0x08000152   0x08000152   0x0000000a   Code   RO         1622    .ARM.Collect$$_printf_percent$$00000003  c_p.l(_printf_f.o)
    0x0800015c   0x0800015c   0x0000000a   Code   RO         1623    .ARM.Collect$$_printf_percent$$00000004  c_p.l(_printf_e.o)
    0x08000166   0x08000166   0x0000000a   Code   RO         1624    .ARM.Collect$$_printf_percent$$00000005  c_p.l(_printf_g.o)
    0x08000170   0x08000170   0x0000000a   Code   RO         1625    .ARM.Collect$$_printf_percent$$00000006  c_p.l(_printf_a.o)
    0x0800017a   0x0800017a   0x0000000a   Code   RO         1630    .ARM.Collect$$_printf_percent$$00000007  c_p.l(_printf_ll.o)
    0x08000184   0x08000184   0x0000000a   Code   RO         1620    .ARM.Collect$$_printf_percent$$00000008  c_p.l(_printf_i.o)
    0x0800018e   0x0800018e   0x0000000a   Code   RO         1542    .ARM.Collect$$_printf_percent$$00000009  c_p.l(_printf_d.o)
    0x08000198   0x08000198   0x0000000a   Code   RO         1621    .ARM.Collect$$_printf_percent$$0000000A  c_p.l(_printf_u.o)
    0x080001a2   0x080001a2   0x0000000a   Code   RO         1619    .ARM.Collect$$_printf_percent$$0000000B  c_p.l(_printf_o.o)
    0x080001ac   0x080001ac   0x0000000a   Code   RO         1541    .ARM.Collect$$_printf_percent$$0000000C  c_p.l(_printf_x.o)
    0x080001b6   0x080001b6   0x0000000a   Code   RO         1627    .ARM.Collect$$_printf_percent$$0000000D  c_p.l(_printf_lli.o)
    0x080001c0   0x080001c0   0x0000000a   Code   RO         1628    .ARM.Collect$$_printf_percent$$0000000E  c_p.l(_printf_lld.o)
    0x080001ca   0x080001ca   0x0000000a   Code   RO         1629    .ARM.Collect$$_printf_percent$$0000000F  c_p.l(_printf_llu.o)
    0x080001d4   0x080001d4   0x0000000a   Code   RO         1634    .ARM.Collect$$_printf_percent$$00000010  c_p.l(_printf_llo.o)
    0x080001de   0x080001de   0x0000000a   Code   RO         1635    .ARM.Collect$$_printf_percent$$00000011  c_p.l(_printf_llx.o)
    0x080001e8   0x080001e8   0x0000000a   Code   RO         1631    .ARM.Collect$$_printf_percent$$00000012  c_p.l(_printf_l.o)
    0x080001f2   0x080001f2   0x0000000a   Code   RO         1615    .ARM.Collect$$_printf_percent$$00000013  c_p.l(_printf_c.o)
    0x080001fc   0x080001fc   0x0000000a   Code   RO         1616    .ARM.Collect$$_printf_percent$$00000014  c_p.l(_printf_s.o)
    0x08000206   0x08000206   0x0000000a   Code   RO         1632    .ARM.Collect$$_printf_percent$$00000015  c_p.l(_printf_lc.o)
    0x08000210   0x08000210   0x0000000a   Code   RO         1633    .ARM.Collect$$_printf_percent$$00000016  c_p.l(_printf_ls.o)
    0x0800021a   0x0800021a   0x00000004   Code   RO         1626    .ARM.Collect$$_printf_percent$$00000017  c_p.l(_printf_percent_end.o)
    0x0800021e   0x0800021e   0x00000002   Code   RO         1724    .ARM.Collect$$libinit$$00000000  c_p.l(libinit.o)
    0x08000220   0x08000220   0x00000000   Code   RO         1753    .ARM.Collect$$libinit$$00000002  c_p.l(libinit2.o)
    0x08000220   0x08000220   0x00000000   Code   RO         1755    .ARM.Collect$$libinit$$00000004  c_p.l(libinit2.o)
    0x08000220   0x08000220   0x00000000   Code   RO         1758    .ARM.Collect$$libinit$$0000000A  c_p.l(libinit2.o)
    0x08000220   0x08000220   0x00000000   Code   RO         1760    .ARM.Collect$$libinit$$0000000C  c_p.l(libinit2.o)
    0x08000220   0x08000220   0x00000000   Code   RO         1762    .ARM.Collect$$libinit$$0000000E  c_p.l(libinit2.o)
    0x08000220   0x08000220   0x00000006   Code   RO         1763    .ARM.Collect$$libinit$$0000000F  c_p.l(libinit2.o)
    0x08000226   0x08000226   0x00000000   Code   RO         1765    .ARM.Collect$$libinit$$00000011  c_p.l(libinit2.o)
    0x08000226   0x08000226   0x0000000c   Code   RO         1766    .ARM.Collect$$libinit$$00000012  c_p.l(libinit2.o)
    0x08000232   0x08000232   0x00000000   Code   RO         1767    .ARM.Collect$$libinit$$00000013  c_p.l(libinit2.o)
    0x08000232   0x08000232   0x00000000   Code   RO         1769    .ARM.Collect$$libinit$$00000015  c_p.l(libinit2.o)
    0x08000232   0x08000232   0x0000000a   Code   RO         1770    .ARM.Collect$$libinit$$00000016  c_p.l(libinit2.o)
    0x0800023c   0x0800023c   0x00000000   Code   RO         1771    .ARM.Collect$$libinit$$00000017  c_p.l(libinit2.o)
    0x0800023c   0x0800023c   0x00000000   Code   RO         1773    .ARM.Collect$$libinit$$00000019  c_p.l(libinit2.o)
    0x0800023c   0x0800023c   0x00000000   Code   RO         1775    .ARM.Collect$$libinit$$0000001B  c_p.l(libinit2.o)
    0x0800023c   0x0800023c   0x00000000   Code   RO         1777    .ARM.Collect$$libinit$$0000001D  c_p.l(libinit2.o)
    0x0800023c   0x0800023c   0x00000000   Code   RO         1779    .ARM.Collect$$libinit$$0000001F  c_p.l(libinit2.o)
    0x0800023c   0x0800023c   0x00000000   Code   RO         1781    .ARM.Collect$$libinit$$00000021  c_p.l(libinit2.o)
    0x0800023c   0x0800023c   0x00000000   Code   RO         1783    .ARM.Collect$$libinit$$00000023  c_p.l(libinit2.o)
    0x0800023c   0x0800023c   0x00000000   Code   RO         1785    .ARM.Collect$$libinit$$00000025  c_p.l(libinit2.o)
    0x0800023c   0x0800023c   0x00000000   Code   RO         1789    .ARM.Collect$$libinit$$0000002C  c_p.l(libinit2.o)
    0x0800023c   0x0800023c   0x00000000   Code   RO         1791    .ARM.Collect$$libinit$$0000002E  c_p.l(libinit2.o)
    0x0800023c   0x0800023c   0x00000000   Code   RO         1793    .ARM.Collect$$libinit$$00000030  c_p.l(libinit2.o)
    0x0800023c   0x0800023c   0x00000000   Code   RO         1795    .ARM.Collect$$libinit$$00000032  c_p.l(libinit2.o)
    0x0800023c   0x0800023c   0x00000002   Code   RO         1796    .ARM.Collect$$libinit$$00000033  c_p.l(libinit2.o)
    0x0800023e   0x0800023e   0x00000002   Code   RO         1835    .ARM.Collect$$libshutdown$$00000000  c_p.l(libshutdown.o)
    0x08000240   0x08000240   0x00000000   Code   RO         1863    .ARM.Collect$$libshutdown$$00000002  c_p.l(libshutdown2.o)
    0x08000240   0x08000240   0x00000000   Code   RO         1865    .ARM.Collect$$libshutdown$$00000004  c_p.l(libshutdown2.o)
    0x08000240   0x08000240   0x00000000   Code   RO         1868    .ARM.Collect$$libshutdown$$00000007  c_p.l(libshutdown2.o)
    0x08000240   0x08000240   0x00000000   Code   RO         1871    .ARM.Collect$$libshutdown$$0000000A  c_p.l(libshutdown2.o)
    0x08000240   0x08000240   0x00000000   Code   RO         1873    .ARM.Collect$$libshutdown$$0000000C  c_p.l(libshutdown2.o)
    0x08000240   0x08000240   0x00000000   Code   RO         1876    .ARM.Collect$$libshutdown$$0000000F  c_p.l(libshutdown2.o)
    0x08000240   0x08000240   0x00000002   Code   RO         1877    .ARM.Collect$$libshutdown$$00000010  c_p.l(libshutdown2.o)
    0x08000242   0x08000242   0x00000000   Code   RO         1585    .ARM.Collect$$rtentry$$00000000  c_p.l(__rtentry.o)
    0x08000242   0x08000242   0x00000000   Code   RO         1654    .ARM.Collect$$rtentry$$00000002  c_p.l(__rtentry2.o)
    0x08000242   0x08000242   0x00000006   Code   RO         1666    .ARM.Collect$$rtentry$$00000004  c_p.l(__rtentry4.o)
    0x08000248   0x08000248   0x00000000   Code   RO         1656    .ARM.Collect$$rtentry$$00000009  c_p.l(__rtentry2.o)
    0x08000248   0x08000248   0x00000004   Code   RO         1657    .ARM.Collect$$rtentry$$0000000A  c_p.l(__rtentry2.o)
    0x0800024c   0x0800024c   0x00000000   Code   RO         1659    .ARM.Collect$$rtentry$$0000000C  c_p.l(__rtentry2.o)
    0x0800024c   0x0800024c   0x00000008   Code   RO         1660    .ARM.Collect$$rtentry$$0000000D  c_p.l(__rtentry2.o)
    0x08000254   0x08000254   0x00000002   Code   RO         1737    .ARM.Collect$$rtexit$$00000000  c_p.l(rtexit.o)
    0x08000256   0x08000256   0x00000000   Code   RO         1804    .ARM.Collect$$rtexit$$00000002  c_p.l(rtexit2.o)
    0x08000256   0x08000256   0x00000004   Code   RO         1805    .ARM.Collect$$rtexit$$00000003  c_p.l(rtexit2.o)
    0x0800025a   0x0800025a   0x00000006   Code   RO         1806    .ARM.Collect$$rtexit$$00000004  c_p.l(rtexit2.o)
    0x08000260   0x08000260   0x00000038   Code   RO            4    .text               startup_stm32g030xx.o
    0x08000298   0x08000298   0x00000038   Code   RO         1488    .text               c_p.l(vsnprintf.o)
    0x080002d0   0x080002d0   0x0000003c   Code   RO         1490    .text               c_p.l(__2snprintf.o)
    0x0800030c   0x0800030c   0x0000004e   Code   RO         1496    .text               c_p.l(_printf_pad.o)
    0x0800035a   0x0800035a   0x00000002   PAD
    0x0800035c   0x0800035c   0x0000006c   Code   RO         1498    .text               c_p.l(_printf_dec.o)
    0x080003c8   0x080003c8   0x00000098   Code   RO         1518    .text               c_p.l(_printf_hex_int_ll_ptr.o)
    0x08000460   0x08000460   0x00000188   Code   RO         1538    .text               c_p.l(__printf_flags_ss_wp.o)
    0x080005e8   0x080005e8   0x00000044   Code   RO         1544    .text               c_p.l(strlen.o)
    0x0800062c   0x0800062c   0x00000040   Code   RO         1546    .text               c_p.l(rt_memclr.o)
    0x0800066c   0x0800066c   0x000001f8   Code   RO         1548    .text               c_p.l(aeabi_sdivfast.o)
    0x08000864   0x08000864   0x00000006   Code   RO         1556    .text               c_p.l(heapauxi.o)
    0x0800086a   0x0800086a   0x00000002   PAD
    0x0800086c   0x0800086c   0x00000160   Code   RO         1578    .text               fz_ps.l(fdiv.o)
    0x080009cc   0x080009cc   0x0000005e   Code   RO         1581    .text               fz_ps.l(fflti.o)
    0x08000a2a   0x08000a2a   0x00000024   Code   RO         1590    .text               c_p.l(_printf_truncate.o)
    0x08000a4e   0x08000a4e   0x00000052   Code   RO         1592    .text               c_p.l(_printf_str.o)
    0x08000aa0   0x08000aa0   0x000000b0   Code   RO         1594    .text               c_p.l(_printf_intcommon.o)
    0x08000b50   0x08000b50   0x00000026   Code   RO         1596    .text               c_p.l(_printf_charcount.o)
    0x08000b76   0x08000b76   0x00000002   PAD
    0x08000b78   0x08000b78   0x00000030   Code   RO         1598    .text               c_p.l(_printf_char_common.o)
    0x08000ba8   0x08000ba8   0x0000000a   Code   RO         1600    .text               c_p.l(_sputc.o)
    0x08000bb2   0x08000bb2   0x00000010   Code   RO         1602    .text               c_p.l(_snputc.o)
    0x08000bc2   0x08000bc2   0x00000002   PAD
    0x08000bc4   0x08000bc4   0x000000bc   Code   RO         1604    .text               c_p.l(_printf_wctomb.o)
    0x08000c80   0x08000c80   0x00000070   Code   RO         1607    .text               c_p.l(_printf_longlong_dec.o)
    0x08000cf0   0x08000cf0   0x00000070   Code   RO         1613    .text               c_p.l(_printf_oct_int_ll.o)
    0x08000d60   0x08000d60   0x00000028   Code   RO         1636    .text               c_p.l(rtudiv10.o)
    0x08000d88   0x08000d88   0x0000007a   Code   RO         1670    .text               c_p.l(lludiv10.o)
    0x08000e02   0x08000e02   0x00000002   PAD
    0x08000e04   0x08000e04   0x00000414   Code   RO         1672    .text               c_p.l(_printf_fp_dec.o)
    0x08001218   0x08001218   0x000002d8   Code   RO         1676    .text               c_p.l(_printf_fp_hex.o)
    0x080014f0   0x080014f0   0x0000002e   Code   RO         1681    .text               c_p.l(_printf_char.o)
    0x0800151e   0x0800151e   0x0000002e   Code   RO         1683    .text               c_p.l(_printf_wchar.o)
    0x0800154c   0x0800154c   0x00000042   Code   RO         1685    .text               c_p.l(_c16rtomb.o)
    0x0800158e   0x0800158e   0x00000002   PAD
    0x08001590   0x08001590   0x00000064   Code   RO         1687    .text               fz_ps.l(fcmpin.o)
    0x080015f4   0x080015f4   0x0000003e   Code   RO         1689    .text               c_p.l(sys_stackheap_outer.o)
    0x08001632   0x08001632   0x00000002   PAD
    0x08001634   0x08001634   0x00000010   Code   RO         1692    .text               c_p.l(rt_ctype_table.o)
    0x08001644   0x08001644   0x00000008   Code   RO         1697    .text               c_p.l(rt_locale_intlibspace.o)
    0x0800164c   0x0800164c   0x00000088   Code   RO         1699    .text               c_p.l(_printf_fp_infnan.o)
    0x080016d4   0x080016d4   0x000000d8   Code   RO         1701    .text               c_p.l(bigflt0.o)
    0x080017ac   0x080017ac   0x00000580   Code   RO         1704    .text               c_p.l(btod.o)
    0x08001d2c   0x08001d2c   0x00000010   Code   RO         1713    .text               c_p.l(exit.o)
    0x08001d3c   0x08001d3c   0x0000002e   Code   RO         1725    .text               fz_ps.l(cmpret.o)
    0x08001d6a   0x08001d6a   0x00000002   PAD
    0x08001d6c   0x08001d6c   0x00000010   Code   RO         1727    .text               fz_ps.l(fnan2.o)
    0x08001d7c   0x08001d7c   0x00000008   Code   RO         1733    .text               c_p.l(libspace.o)
    0x08001d84   0x08001d84   0x000000b0   Code   RO         1750    .text               c_p.l(strcmpv6m.o)
    0x08001e34   0x08001e34   0x0000005e   Code   RO         1797    .text               fz_ps.l(retnan.o)
    0x08001e92   0x08001e92   0x00000002   PAD
    0x08001e94   0x08001e94   0x0000000c   Code   RO         1799    .text               c_p.l(sys_exit.o)
    0x08001ea0   0x08001ea0   0x00000002   Code   RO         1824    .text               c_p.l(use_no_semi.o)
    0x08001ea2   0x08001ea2   0x00000000   Code   RO         1826    .text               c_p.l(indicate_semi.o)
    0x08001ea2   0x08001ea2   0x00000014   Code   RO          212    .text.ADC1_IRQHandler  stm32g0xx_it.o
    0x08001eb6   0x08001eb6   0x00000014   Code   RO          206    .text.DMA1_Channel2_3_IRQHandler  stm32g0xx_it.o
    0x08001eca   0x08001eca   0x00000008   Code   RO           15    .text.Error_Handler  main.o
    0x08001ed2   0x08001ed2   0x00000002   PAD
    0x08001ed4   0x08001ed4   0x00000020   Code   RO          900    .text.HAL_Delay     stm32g0xx_hal.o
    0x08001ef4   0x08001ef4   0x00000198   Code   RO          666    .text.HAL_GPIO_Init  stm32g0xx_hal_gpio.o
    0x0800208c   0x0800208c   0x00000010   Code   RO          674    .text.HAL_GPIO_TogglePin  stm32g0xx_hal_gpio.o
    0x0800209c   0x0800209c   0x00000010   Code   RO          672    .text.HAL_GPIO_WritePin  stm32g0xx_hal_gpio.o
    0x080020ac   0x080020ac   0x00000008   Code   RO          892    .text.HAL_GetTick   stm32g0xx_hal.o
    0x080020b4   0x080020b4   0x00000014   Code   RO          890    .text.HAL_IncTick   stm32g0xx_hal.o
    0x080020c8   0x080020c8   0x00000028   Code   RO          880    .text.HAL_Init      stm32g0xx_hal.o
    0x080020f0   0x080020f0   0x00000044   Code   RO          882    .text.HAL_InitTick  stm32g0xx_hal.o
    0x08002134   0x08002134   0x0000002c   Code   RO          240    .text.HAL_MspInit   stm32g0xx_hal_msp.o
    0x08002160   0x08002160   0x00000008   Code   RO          820    .text.HAL_NVIC_SetPriority  stm32g0xx_hal_cortex.o
    0x08002168   0x08002168   0x0000004c   Code   RO          806    .text.HAL_PWREx_ControlVoltageScaling  stm32g0xx_hal_pwr_ex.o
    0x080021b4   0x080021b4   0x00000184   Code   RO          497    .text.HAL_RCCEx_PeriphCLKConfig  stm32g0xx_hal_rcc_ex.o
    0x08002338   0x08002338   0x00000174   Code   RO          459    .text.HAL_RCC_ClockConfig  stm32g0xx_hal_rcc.o
    0x080024ac   0x080024ac   0x00000088   Code   RO          461    .text.HAL_RCC_GetSysClockFreq  stm32g0xx_hal_rcc.o
    0x08002534   0x08002534   0x00000434   Code   RO          457    .text.HAL_RCC_OscConfig  stm32g0xx_hal_rcc.o
    0x08002968   0x08002968   0x000000f8   Code   RO          975    .text.HAL_SPI_Init  stm32g0xx_hal_spi.o
    0x08002a60   0x08002a60   0x00000064   Code   RO          106    .text.HAL_SPI_MspInit  spi.o
    0x08002ac4   0x08002ac4   0x0000016e   Code   RO          987    .text.HAL_SPI_Receive  stm32g0xx_hal_spi.o
    0x08002c32   0x08002c32   0x00000002   PAD
    0x08002c34   0x08002c34   0x00000168   Code   RO          983    .text.HAL_SPI_Transmit  stm32g0xx_hal_spi.o
    0x08002d9c   0x08002d9c   0x000001fc   Code   RO          989    .text.HAL_SPI_TransmitReceive  stm32g0xx_hal_spi.o
    0x08002f98   0x08002f98   0x00000008   Code   RO          836    .text.HAL_SYSTICK_Config  stm32g0xx_hal_cortex.o
    0x08002fa0   0x08002fa0   0x00000002   Code   RO          198    .text.HardFault_Handler  stm32g0xx_it.o
    0x08002fa2   0x08002fa2   0x00000002   PAD
    0x08002fa4   0x08002fa4   0x0000000c   Code   RO           63    .text.LL_ADC_ClearFlag_CCRDY  adc.o
    0x08002fb0   0x08002fb0   0x00000008   Code   RO          216    .text.LL_ADC_ClearFlag_OVR  stm32g0xx_it.o
    0x08002fb8   0x08002fb8   0x0000000c   Code   RO           71    .text.LL_ADC_DisableIT_EOC  adc.o
    0x08002fc4   0x08002fc4   0x00000010   Code   RO           73    .text.LL_ADC_DisableIT_EOS  adc.o
    0x08002fd4   0x08002fd4   0x00000010   Code   RO         1388    .text.LL_ADC_Enable  utils.o
    0x08002fe4   0x08002fe4   0x00000014   Code   RO           75    .text.LL_ADC_EnableInternalRegulator  adc.o
    0x08002ff8   0x08002ff8   0x00000018   Code   RO         1378    .text.LL_ADC_EnableInternalRegulator  utils.o
    0x08003010   0x08003010   0x0000003c   Code   RO          366    .text.LL_ADC_Init   stm32g0xx_ll_adc.o
    0x0800304c   0x0800304c   0x0000000c   Code   RO         1390    .text.LL_ADC_IsActiveFlag_ADRDY  utils.o
    0x08003058   0x08003058   0x0000000c   Code   RO           61    .text.LL_ADC_IsActiveFlag_CCRDY  adc.o
    0x08003064   0x08003064   0x00000010   Code   RO          214    .text.LL_ADC_IsActiveFlag_OVR  stm32g0xx_it.o
    0x08003074   0x08003074   0x00000008   Code   RO         1386    .text.LL_ADC_IsCalibrationOnGoing  utils.o
    0x0800307c   0x0800307c   0x0000000c   Code   RO         1394    .text.LL_ADC_IsDisableOngoing  utils.o
    0x08003088   0x08003088   0x00000008   Code   RO          346    .text.LL_ADC_IsEnabled  stm32g0xx_ll_adc.o
    0x08003090   0x08003090   0x0000000c   Code   RO         1376    .text.LL_ADC_IsEnabled  utils.o
    0x0800309c   0x0800309c   0x0000000c   Code   RO         1380    .text.LL_ADC_REG_GetDMATransfer  utils.o
    0x080030a8   0x080030a8   0x0000000a   Code   RO          372    .text.LL_ADC_REG_GetSequencerConfigurable  stm32g0xx_ll_adc.o
    0x080030b2   0x080030b2   0x00000002   PAD
    0x080030b4   0x080030b4   0x00000074   Code   RO          370    .text.LL_ADC_REG_Init  stm32g0xx_ll_adc.o
    0x08003128   0x08003128   0x0000000c   Code   RO         1396    .text.LL_ADC_REG_IsConversionOngoing  utils.o
    0x08003134   0x08003134   0x00000010   Code   RO         1382    .text.LL_ADC_REG_SetDMATransfer  utils.o
    0x08003144   0x08003144   0x00000014   Code   RO           59    .text.LL_ADC_REG_SetSequencerConfigurable  adc.o
    0x08003158   0x08003158   0x00000008   Code   RO          374    .text.LL_ADC_REG_SetSequencerLength  stm32g0xx_ll_adc.o
    0x08003160   0x08003160   0x00000010   Code   RO           77    .text.LL_ADC_REG_SetSequencerRanks  adc.o
    0x08003170   0x08003170   0x00000010   Code   RO         1398    .text.LL_ADC_REG_StartConversion  utils.o
    0x08003180   0x08003180   0x00000010   Code   RO           79    .text.LL_ADC_SetChannelSamplingTime  adc.o
    0x08003190   0x08003190   0x0000000c   Code   RO           65    .text.LL_ADC_SetOverSamplingScope  adc.o
    0x0800319c   0x0800319c   0x0000001c   Code   RO           69    .text.LL_ADC_SetSamplingTimeCommonChannels  adc.o
    0x080031b8   0x080031b8   0x00000014   Code   RO           67    .text.LL_ADC_SetTriggerFrequencyMode  adc.o
    0x080031cc   0x080031cc   0x00000018   Code   RO         1384    .text.LL_ADC_StartCalibration  utils.o
    0x080031e4   0x080031e4   0x0000001c   Code   RO           91    .text.LL_AHB1_GRP1_EnableClock  dma.o
    0x08003200   0x08003200   0x00000020   Code   RO          186    .text.LL_APB1_GRP1_EnableClock  usart.o
    0x08003220   0x08003220   0x0000001c   Code   RO           35    .text.LL_APB2_GRP1_EnableClock  adc.o
    0x0800323c   0x0800323c   0x0000001c   Code   RO          121    .text.LL_APB2_GRP1_EnableClock  tim.o
    0x08003258   0x08003258   0x00000020   Code   RO          146    .text.LL_APB2_GRP1_EnableClock  usart.o
    0x08003278   0x08003278   0x00000010   Code   RO         1402    .text.LL_DMAMUX_SetRequestID  utils.o
    0x08003288   0x08003288   0x00000008   Code   RO          210    .text.LL_DMA_ClearFlag_TC2  stm32g0xx_it.o
    0x08003290   0x08003290   0x00000020   Code   RO         1404    .text.LL_DMA_ConfigAddresses  utils.o
    0x080032b0   0x080032b0   0x00000010   Code   RO         1408    .text.LL_DMA_EnableChannel  utils.o
    0x080032c0   0x080032c0   0x00000010   Code   RO          208    .text.LL_DMA_IsActiveFlag_TC2  stm32g0xx_it.o
    0x080032d0   0x080032d0   0x00000010   Code   RO           43    .text.LL_DMA_SetChannelPriorityLevel  adc.o
    0x080032e0   0x080032e0   0x00000010   Code   RO          154    .text.LL_DMA_SetChannelPriorityLevel  usart.o
    0x080032f0   0x080032f0   0x00000020   Code   RO         1406    .text.LL_DMA_SetDataLength  utils.o
    0x08003310   0x08003310   0x0000000c   Code   RO           41    .text.LL_DMA_SetDataTransferDirection  adc.o
    0x0800331c   0x0800331c   0x00000014   Code   RO          152    .text.LL_DMA_SetDataTransferDirection  usart.o
    0x08003330   0x08003330   0x0000000c   Code   RO           49    .text.LL_DMA_SetMemoryIncMode  adc.o
    0x0800333c   0x0800333c   0x0000000c   Code   RO          160    .text.LL_DMA_SetMemoryIncMode  usart.o
    0x08003348   0x08003348   0x00000014   Code   RO           53    .text.LL_DMA_SetMemorySize  adc.o
    0x0800335c   0x0800335c   0x00000010   Code   RO          164    .text.LL_DMA_SetMemorySize  usart.o
    0x0800336c   0x0800336c   0x0000000c   Code   RO           45    .text.LL_DMA_SetMode  adc.o
    0x08003378   0x08003378   0x0000000c   Code   RO          156    .text.LL_DMA_SetMode  usart.o
    0x08003384   0x08003384   0x0000000c   Code   RO           47    .text.LL_DMA_SetPeriphIncMode  adc.o
    0x08003390   0x08003390   0x0000000c   Code   RO          158    .text.LL_DMA_SetPeriphIncMode  usart.o
    0x0800339c   0x0800339c   0x00000014   Code   RO           39    .text.LL_DMA_SetPeriphRequest  adc.o
    0x080033b0   0x080033b0   0x00000014   Code   RO          150    .text.LL_DMA_SetPeriphRequest  usart.o
    0x080033c4   0x080033c4   0x00000018   Code   RO           51    .text.LL_DMA_SetPeriphSize  adc.o
    0x080033dc   0x080033dc   0x00000014   Code   RO          162    .text.LL_DMA_SetPeriphSize  usart.o
    0x080033f0   0x080033f0   0x0000007a   Code   RO          392    .text.LL_GPIO_Init  stm32g0xx_ll_gpio.o
    0x0800346a   0x0800346a   0x00000014   Code   RO          400    .text.LL_GPIO_SetAFPin_0_7  stm32g0xx_ll_gpio.o
    0x0800347e   0x0800347e   0x00000016   Code   RO          402    .text.LL_GPIO_SetAFPin_8_15  stm32g0xx_ll_gpio.o
    0x08003494   0x08003494   0x00000012   Code   RO          404    .text.LL_GPIO_SetPinMode  stm32g0xx_ll_gpio.o
    0x080034a6   0x080034a6   0x0000000c   Code   RO          396    .text.LL_GPIO_SetPinOutputType  stm32g0xx_ll_gpio.o
    0x080034b2   0x080034b2   0x00000012   Code   RO          398    .text.LL_GPIO_SetPinPull  stm32g0xx_ll_gpio.o
    0x080034c4   0x080034c4   0x00000012   Code   RO          394    .text.LL_GPIO_SetPinSpeed  stm32g0xx_ll_gpio.o
    0x080034d6   0x080034d6   0x00000002   PAD
    0x080034d8   0x080034d8   0x00000018   Code   RO           37    .text.LL_IOP_GRP1_EnableClock  adc.o
    0x080034f0   0x080034f0   0x0000001c   Code   RO          148    .text.LL_IOP_GRP1_EnableClock  usart.o
    0x0800350c   0x0800350c   0x0000000c   Code   RO          579    .text.LL_RCC_GetAHBPrescaler  stm32g0xx_ll_rcc.o
    0x08003518   0x08003518   0x0000000c   Code   RO          581    .text.LL_RCC_GetAPB1Prescaler  stm32g0xx_ll_rcc.o
    0x08003524   0x08003524   0x00000010   Code   RO          567    .text.LL_RCC_GetSysClkSource  stm32g0xx_ll_rcc.o
    0x08003534   0x08003534   0x00000018   Code   RO          527    .text.LL_RCC_GetSystemClocksFreq  stm32g0xx_ll_rcc.o
    0x0800354c   0x0800354c   0x00000060   Code   RO          535    .text.LL_RCC_GetUSARTClockFreq  stm32g0xx_ll_rcc.o
    0x080035ac   0x080035ac   0x00000014   Code   RO          537    .text.LL_RCC_GetUSARTClockSource  stm32g0xx_ll_rcc.o
    0x080035c0   0x080035c0   0x00000010   Code   RO          519    .text.LL_RCC_HSI_IsReady  stm32g0xx_ll_rcc.o
    0x080035d0   0x080035d0   0x00000010   Code   RO          539    .text.LL_RCC_LSE_IsReady  stm32g0xx_ll_rcc.o
    0x080035e0   0x080035e0   0x0000000c   Code   RO          575    .text.LL_RCC_PLL_GetDivider  stm32g0xx_ll_rcc.o
    0x080035ec   0x080035ec   0x0000000c   Code   RO          571    .text.LL_RCC_PLL_GetMainSource  stm32g0xx_ll_rcc.o
    0x080035f8   0x080035f8   0x0000000c   Code   RO          573    .text.LL_RCC_PLL_GetN  stm32g0xx_ll_rcc.o
    0x08003604   0x08003604   0x00000010   Code   RO          577    .text.LL_RCC_PLL_GetR  stm32g0xx_ll_rcc.o
    0x08003614   0x08003614   0x0000000c   Code   RO          222    .text.LL_TIM_ClearFlag_UPDATE  stm32g0xx_it.o
    0x08003620   0x08003620   0x0000000c   Code   RO         1420    .text.LL_TIM_ClearFlag_UPDATE  utils.o
    0x0800362c   0x0800362c   0x0000000c   Code   RO          135    .text.LL_TIM_DisableMasterSlaveMode  tim.o
    0x08003638   0x08003638   0x0000000c   Code   RO          127    .text.LL_TIM_EnableARRPreload  tim.o
    0x08003644   0x08003644   0x0000000c   Code   RO         1424    .text.LL_TIM_EnableCounter  utils.o
    0x08003650   0x08003650   0x00000010   Code   RO         1422    .text.LL_TIM_EnableIT_UPDATE  utils.o
    0x08003660   0x08003660   0x0000000a   Code   RO         1126    .text.LL_TIM_GenerateEvent_UPDATE  stm32g0xx_ll_tim.o
    0x0800366a   0x0800366a   0x00000002   PAD
    0x0800366c   0x0800366c   0x000000a0   Code   RO         1118    .text.LL_TIM_Init   stm32g0xx_ll_tim.o
    0x0800370c   0x0800370c   0x00000010   Code   RO          220    .text.LL_TIM_IsActiveFlag_UPDATE  stm32g0xx_it.o
    0x0800371c   0x0800371c   0x00000004   Code   RO         1120    .text.LL_TIM_SetAutoReload  stm32g0xx_ll_tim.o
    0x08003720   0x08003720   0x00000014   Code   RO          129    .text.LL_TIM_SetClockSource  tim.o
    0x08003734   0x08003734   0x00000004   Code   RO         1122    .text.LL_TIM_SetPrescaler  stm32g0xx_ll_tim.o
    0x08003738   0x08003738   0x00000004   Code   RO         1124    .text.LL_TIM_SetRepetitionCounter  stm32g0xx_ll_tim.o
    0x0800373c   0x0800373c   0x0000000c   Code   RO          131    .text.LL_TIM_SetTriggerOutput  tim.o
    0x08003748   0x08003748   0x00000014   Code   RO          133    .text.LL_TIM_SetTriggerOutput2  tim.o
    0x0800375c   0x0800375c   0x0000000c   Code   RO         1468    .text.LL_USART_ClearFlag_ORE  utils.o
    0x08003768   0x08003768   0x00000014   Code   RO          176    .text.LL_USART_ConfigAsyncMode  usart.o
    0x0800377c   0x0800377c   0x00000010   Code   RO          174    .text.LL_USART_DisableFIFO  usart.o
    0x0800378c   0x0800378c   0x0000000a   Code   RO          178    .text.LL_USART_Enable  usart.o
    0x08003796   0x08003796   0x00000002   PAD
    0x08003798   0x08003798   0x0000001c   Code   RO         1470    .text.LL_USART_EnableIT_RXNE_RXFNE  utils.o
    0x080037b4   0x080037b4   0x00000094   Code   RO         1200    .text.LL_USART_Init  stm32g0xx_ll_usart.o
    0x08003848   0x08003848   0x00000008   Code   RO          182    .text.LL_USART_IsActiveFlag_REACK  usart.o
    0x08003850   0x08003850   0x00000008   Code   RO          226    .text.LL_USART_IsActiveFlag_RXNE_RXFNE  stm32g0xx_it.o
    0x08003858   0x08003858   0x00000008   Code   RO         1444    .text.LL_USART_IsActiveFlag_TC  utils.o
    0x08003860   0x08003860   0x00000008   Code   RO          180    .text.LL_USART_IsActiveFlag_TEACK  usart.o
    0x08003868   0x08003868   0x00000008   Code   RO         1440    .text.LL_USART_IsActiveFlag_TXE_TXFNF  utils.o
    0x08003870   0x08003870   0x00000008   Code   RO         1202    .text.LL_USART_IsEnabled  stm32g0xx_ll_usart.o
    0x08003878   0x08003878   0x00000008   Code   RO          228    .text.LL_USART_IsEnabledIT_RXNE_RXFNE  stm32g0xx_it.o
    0x08003880   0x08003880   0x0000000c   Code   RO         1464    .text.LL_USART_ReceiveData8  utils.o
    0x0800388c   0x0800388c   0x00000080   Code   RO         1208    .text.LL_USART_SetBaudRate  stm32g0xx_ll_usart.o
    0x0800390c   0x0800390c   0x0000000e   Code   RO         1206    .text.LL_USART_SetHWFlowCtrl  stm32g0xx_ll_usart.o
    0x0800391a   0x0800391a   0x0000000e   Code   RO         1210    .text.LL_USART_SetPrescaler  stm32g0xx_ll_usart.o
    0x08003928   0x08003928   0x0000001c   Code   RO          172    .text.LL_USART_SetRXFIFOThreshold  usart.o
    0x08003944   0x08003944   0x0000000e   Code   RO         1204    .text.LL_USART_SetStopBitsLength  stm32g0xx_ll_usart.o
    0x08003952   0x08003952   0x00000002   PAD
    0x08003954   0x08003954   0x00000020   Code   RO          170    .text.LL_USART_SetTXFIFOThreshold  usart.o
    0x08003974   0x08003974   0x00000004   Code   RO         1442    .text.LL_USART_TransmitData8  utils.o
    0x08003978   0x08003978   0x00000028   Code   RO          252    .text.LL_mDelay     stm32g0xx_ll_utils.o
    0x080039a0   0x080039a0   0x000000d8   Code   RO           33    .text.MX_ADC1_Init  adc.o
    0x08003a78   0x08003a78   0x00000010   Code   RO           89    .text.MX_DMA_Init   dma.o
    0x08003a88   0x08003a88   0x000000c8   Code   RO           25    .text.MX_GPIO_Init  gpio.o
    0x08003b50   0x08003b50   0x00000048   Code   RO          104    .text.MX_SPI1_Init  spi.o
    0x08003b98   0x08003b98   0x00000050   Code   RO          119    .text.MX_TIM1_Init  tim.o
    0x08003be8   0x08003be8   0x00000104   Code   RO          144    .text.MX_USART1_UART_Init  usart.o
    0x08003cec   0x08003cec   0x000000bc   Code   RO          184    .text.MX_USART2_UART_Init  usart.o
    0x08003da8   0x08003da8   0x00000002   Code   RO          196    .text.NMI_Handler   stm32g0xx_it.o
    0x08003daa   0x08003daa   0x00000002   Code   RO          202    .text.PendSV_Handler  stm32g0xx_it.o
    0x08003dac   0x08003dac   0x00000020   Code   RO          531    .text.RCC_GetHCLKClockFreq  stm32g0xx_ll_rcc.o
    0x08003dcc   0x08003dcc   0x00000020   Code   RO          533    .text.RCC_GetPCLK1ClockFreq  stm32g0xx_ll_rcc.o
    0x08003dec   0x08003dec   0x0000002c   Code   RO          529    .text.RCC_GetSystemClockFreq  stm32g0xx_ll_rcc.o
    0x08003e18   0x08003e18   0x0000004c   Code   RO          569    .text.RCC_PLL_GetFreqDomain_SYS  stm32g0xx_ll_rcc.o
    0x08003e64   0x08003e64   0x00000082   Code   RO          991    .text.SPI_EndRxTransaction  stm32g0xx_hal_spi.o
    0x08003ee6   0x08003ee6   0x0000004c   Code   RO          985    .text.SPI_EndRxTxTransaction  stm32g0xx_hal_spi.o
    0x08003f32   0x08003f32   0x00000002   PAD
    0x08003f34   0x08003f34   0x000000e4   Code   RO         1041    .text.SPI_WaitFifoStateUntilTimeout  stm32g0xx_hal_spi.o
    0x08004018   0x08004018   0x000000b8   Code   RO         1043    .text.SPI_WaitFlagStateUntilTimeout  stm32g0xx_hal_spi.o
    0x080040d0   0x080040d0   0x00000002   Code   RO          200    .text.SVC_Handler   stm32g0xx_it.o
    0x080040d2   0x080040d2   0x00000002   PAD
    0x080040d4   0x080040d4   0x00000028   Code   RO          838    .text.SysTick_Config  stm32g0xx_hal_cortex.o
    0x080040fc   0x080040fc   0x00000008   Code   RO          204    .text.SysTick_Handler  stm32g0xx_it.o
    0x08004104   0x08004104   0x00000068   Code   RO           13    .text.SystemClock_Config  main.o
    0x0800416c   0x0800416c   0x00000002   Code   RO         1226    .text.SystemInit    system_stm32g0xx.o
    0x0800416e   0x0800416e   0x00000014   Code   RO          218    .text.TIM1_BRK_UP_TRG_COM_IRQHandler  stm32g0xx_it.o
    0x08004182   0x08004182   0x00000002   PAD
    0x08004184   0x08004184   0x00000020   Code   RO          224    .text.USART1_IRQHandler  stm32g0xx_it.o
    0x080041a4   0x080041a4   0x00000024   Code   RO          230    .text.USART2_IRQHandler  stm32g0xx_it.o
    0x080041c8   0x080041c8   0x0000000c   Code   RO           57    .text.__NVIC_EnableIRQ  adc.o
    0x080041d4   0x080041d4   0x0000000c   Code   RO           95    .text.__NVIC_EnableIRQ  dma.o
    0x080041e0   0x080041e0   0x0000000c   Code   RO          125    .text.__NVIC_EnableIRQ  tim.o
    0x080041ec   0x080041ec   0x00000014   Code   RO          168    .text.__NVIC_EnableIRQ  usart.o
    0x08004200   0x08004200   0x0000000c   Code   RO           55    .text.__NVIC_SetPriority  adc.o
    0x0800420c   0x0800420c   0x00000014   Code   RO           93    .text.__NVIC_SetPriority  dma.o
    0x08004220   0x08004220   0x00000014   Code   RO          123    .text.__NVIC_SetPriority  tim.o
    0x08004234   0x08004234   0x0000001c   Code   RO          166    .text.__NVIC_SetPriority  usart.o
    0x08004250   0x08004250   0x00000040   Code   RO          822    .text.__NVIC_SetPriority  stm32g0xx_hal_cortex.o
    0x08004290   0x08004290   0x0000004e   Code   RO         1374    .text.adc_enable    utils.o
    0x080042de   0x080042de   0x00000002   Code   RO         1416    .text.adc_overrun_callback  utils.o
    0x080042e0   0x080042e0   0x0000002a   Code   RO         1392    .text.adc_start     utils.o
    0x0800430a   0x0800430a   0x00000002   PAD
    0x0800430c   0x0800430c   0x0000002c   Code   RO         1400    .text.configure_adc_dma  utils.o
    0x08004338   0x08004338   0x00000002   Code   RO         1460    .text.debug_uart_rx_callback  utils.o
    0x0800433a   0x0800433a   0x00000002   PAD
    0x0800433c   0x0800433c   0x0000003c   Code   RO         1434    .text.debug_uart_tx  utils.o
    0x08004378   0x08004378   0x00000002   Code   RO         1450    .text.debug_uart_tx_dma_cplt_callback  utils.o
    0x0800437a   0x0800437a   0x00000002   PAD
    0x0800437c   0x0800437c   0x0000002c   Code   RO         1372    .text.get_battery_voltage  utils.o
    0x080043a8   0x080043a8   0x0000002e   Code   RO           11    .text.main          main.o
    0x080043d6   0x080043d6   0x00000002   PAD
    0x080043d8   0x080043d8   0x0000000c   Code   RO         1430    .text.millis        utils.o
    0x080043e4   0x080043e4   0x00000068   Code   RO         1292    .text.mk8000_parse_char  mk8000.o
    0x0800444c   0x0800444c   0x00000060   Code   RO         1280    .text.mk8000_parse_frame  mk8000.o
    0x080044ac   0x080044ac   0x0000002c   Code   RO         1276    .text.mk8000_read_all_param  mk8000.o
    0x080044d8   0x080044d8   0x00000038   Code   RO         1272    .text.mk8000_set_host_addr  mk8000.o
    0x08004510   0x08004510   0x00000040   Code   RO         1260    .text.mk8000_set_mode  mk8000.o
    0x08004550   0x08004550   0x00000050   Code   RO         1270    .text.mk8000_set_period  mk8000.o
    0x080045a0   0x080045a0   0x00000034   Code   RO         1268    .text.mk8000_set_pid  mk8000.o
    0x080045d4   0x080045d4   0x00000044   Code   RO         1262    .text.mk8000_set_role  mk8000.o
    0x08004618   0x08004618   0x0000004c   Code   RO         1274    .text.mk8000_set_slave_addr  mk8000.o
    0x08004664   0x08004664   0x00000034   Code   RO         1266    .text.mk8000_set_tx_power  mk8000.o
    0x08004698   0x08004698   0x0000008a   Code   RO         1278    .text.mk8000_slave_init  mk8000.o
    0x08004722   0x08004722   0x00000002   PAD
    0x08004724   0x08004724   0x00000030   Code   RO         1264    .text.mk8000_software_reset  mk8000.o
    0x08004754   0x08004754   0x00000024   Code   RO         1462    .text.mk8000_uart_callback  utils.o
    0x08004778   0x08004778   0x00000008   Code   RO         1256    .text.mk8000_uart_send  mk8000.o
    0x08004780   0x08004780   0x0000000c   Code   RO         1466    .text.mk8000_uart_start  utils.o
    0x0800478c   0x0800478c   0x0000003c   Code   RO         1472    .text.mk8000_uart_tx  utils.o
    0x080047c8   0x080047c8   0x0000006c   Code   RO         1356    .text.si24r1_check_connection  si24r1.o
    0x08004834   0x08004834   0x00000030   Code   RO         1328    .text.si24r1_clear_irq_all  si24r1.o
    0x08004864   0x08004864   0x00000028   Code   RO         1324    .text.si24r1_get_status  si24r1.o
    0x0800488c   0x0800488c   0x00000110   Code   RO         1358    .text.si24r1_init   si24r1.o
    0x0800499c   0x0800499c   0x0000003c   Code   RO         1310    .text.si24r1_read_buf  si24r1.o
    0x080049d8   0x080049d8   0x00000030   Code   RO         1308    .text.si24r1_read_reg  si24r1.o
    0x08004a08   0x08004a08   0x00000024   Code   RO         1306    .text.si24r1_read_write_byte  si24r1.o
    0x08004a2c   0x08004a2c   0x0000000e   Code   RO         1352    .text.si24r1_set_channel  si24r1.o
    0x08004a3a   0x08004a3a   0x0000001e   Code   RO         1354    .text.si24r1_set_mode  si24r1.o
    0x08004a58   0x08004a58   0x00000020   Code   RO         1350    .text.si24r1_set_power  si24r1.o
    0x08004a78   0x08004a78   0x0000001a   Code   RO         1342    .text.si24r1_set_rx_addr  si24r1.o
    0x08004a92   0x08004a92   0x00000028   Code   RO         1344    .text.si24r1_set_speed  si24r1.o
    0x08004aba   0x08004aba   0x00000014   Code   RO         1340    .text.si24r1_set_tx_addr  si24r1.o
    0x08004ace   0x08004ace   0x00000002   PAD
    0x08004ad0   0x08004ad0   0x00000044   Code   RO         1314    .text.si24r1_write_buf  si24r1.o
    0x08004b14   0x08004b14   0x00000036   Code   RO         1312    .text.si24r1_write_reg  si24r1.o
    0x08004b4a   0x08004b4a   0x00000002   PAD
    0x08004b4c   0x08004b4c   0x00000038   Code   RO         1432    .text.slog          utils.o
    0x08004b84   0x08004b84   0x00000018   Code   RO         1428    .text.system_2khz_timer_callback  utils.o
    0x08004b9c   0x08004b9c   0x00000010   Code   RO         1418    .text.system_2khz_timer_start  utils.o
    0x08004bac   0x08004bac   0x000000f8   Code   RO         1241    .text.system_init   system.o
    0x08004ca4   0x08004ca4   0x00000050   Code   RO         1243    .text.system_loop   system.o
    0x08004cf4   0x08004cf4   0x000001f6   Code   RO         1549    .text_divfast       c_p.l(aeabi_sdivfast.o)
    0x08004eea   0x08004eea   0x00000030   Code   RO         1706    i.__ARM_common_ll_muluu  c_p.l(btod.o)
    0x08004f1a   0x08004f1a   0x00000002   PAD
    0x08004f1c   0x08004f1c   0x0000002c   Code   RO         1731    i.__ARM_fpclassify  m_ps.l(fpclassify.o)
    0x08004f48   0x08004f48   0x00000016   Code   RO         1567    i._fgeq             fz_ps.l(fcmp.o)
    0x08004f5e   0x08004f5e   0x0000000e   Code   RO         1531    i._is_digit         c_p.l(__printf_wp.o)
    0x08004f6c   0x08004f6c   0x0000002c   Code   RO         1711    locale$$code        c_p.l(lc_numeric_c.o)
    0x08004f98   0x08004f98   0x0000002c   Code   RO         1744    locale$$code        c_p.l(lc_ctype_c.o)
    0x08004fc4   0x08004fc4   0x0000008c   Code   RO         1560    x$fpl$fadd          fz_ps.l(faddsub.o)
    0x08005050   0x08005050   0x00000054   Code   RO         1640    x$fpl$fgeqf         fz_ps.l(fgef.o)
    0x080050a4   0x080050a4   0x000000b0   Code   RO         1583    x$fpl$fmul          fz_ps.l(fmul.o)
    0x08005154   0x08005154   0x000000d0   Code   RO         1562    x$fpl$fsub          fz_ps.l(faddsub.o)
    0x08005224   0x08005224   0x00000010   Code   RO         1644    x$fpl$printf1       fz_ps.l(printf1.o)
    0x08005234   0x08005234   0x00000010   Code   RO         1646    x$fpl$printf2       fz_ps.l(printf2.o)
    0x08005244   0x08005244   0x00000000   Code   RO         1652    x$fpl$usenofp       fz_ps.l(usenofp.o)
    0x08005244   0x08005244   0x00000028   Data   RO         1519    .constdata          c_p.l(_printf_hex_int_ll_ptr.o)
    0x0800526c   0x0800526c   0x00000011   Data   RO         1539    .constdata          c_p.l(__printf_flags_ss_wp.o)
    0x0800527d   0x0800527d   0x00000040   Data   RO         1579    .constdata          fz_ps.l(fdiv.o)
    0x080052bd   0x080052bd   0x00000003   PAD
    0x080052c0   0x080052c0   0x00000008   Data   RO         1605    .constdata          c_p.l(_printf_wctomb.o)
    0x080052c8   0x080052c8   0x00000026   Data   RO         1677    .constdata          c_p.l(_printf_fp_hex.o)
    0x080052ee   0x080052ee   0x00000002   PAD
    0x080052f0   0x080052f0   0x00000094   Data   RO         1702    .constdata          c_p.l(bigflt0.o)
    0x08005384   0x08005384   0x00000040   Data   RO         1231    .rodata.AHBPrescTable  system_stm32g0xx.o
    0x080053c4   0x080053c4   0x00000020   Data   RO         1232    .rodata.APBPrescTable  system_stm32g0xx.o
    0x080053e4   0x080053e4   0x00000005   Data   RO         1478    .rodata.CHANNEL_OFFSET_TAB  utils.o
    0x080053e9   0x080053e9   0x0000002b   Data   RO         1247    .rodata.str1.1      system.o
    0x08005414   0x08005414   0x00000020   Data   RO         1879    Region$$Table       anon$$obj.o
    0x08005434   0x08005434   0x0000001c   Data   RO         1710    locale$$data        c_p.l(lc_numeric_c.o)
    0x08005450   0x08005450   0x00000110   Data   RO         1743    locale$$data        c_p.l(lc_ctype_c.o)


    Execution Region RW_IRAM1 (Exec base: 0x20000000, Load base: 0x08005560, Size: 0x00000820, Max: 0x00002000, ABSOLUTE)

    Exec Addr    Load Addr    Size         Type   Attr      Idx    E Section Name        Object

    0x20000000   0x08005560   0x00000004   Data   RW         1230    .data.SystemCoreClock  system_stm32g0xx.o
    0x20000004   0x08005564   0x00000005   Data   RW         1363    .data.si24r1_rx_address  si24r1.o
    0x20000009   0x08005569   0x00000005   Data   RW         1362    .data.si24r1_tx_address  si24r1.o
    0x2000000e   0x0800556e   0x00000001   Data   RW          939    .data.uwTickFreq    stm32g0xx_hal.o
    0x2000000f   0x0800556f   0x00000001   PAD
    0x20000010   0x08005570   0x00000004   Data   RW          938    .data.uwTickPrio    stm32g0xx_hal.o
    0x20000014   0x08005574   0x00000004   PAD
    0x20000018        -       0x00000060   Zero   RW         1734    .bss                c_p.l(libspace.o)
    0x20000078        -       0x00000002   Zero   RW         1474    .bss.adc_buffer     utils.o
    0x2000007a   0x08005574   0x00000002   PAD
    0x2000007c        -       0x00000004   Zero   RW         1246    .bss.battery_voltage  system.o
    0x20000080        -       0x00000010   Zero   RW         1297    .bss.buf            mk8000.o
    0x20000090        -       0x00000001   Zero   RW         1296    .bss.buf_p          mk8000.o
    0x20000091   0x08005574   0x00000003   PAD
    0x20000094        -       0x00000080   Zero   RW         1294    .bss.cmd_buffer     mk8000.o
    0x20000114        -       0x00000018   Zero   RW         1248    .bss.frame          system.o
    0x2000012c        -       0x00000001   Zero   RW         1245    .bss.frame_ready    system.o
    0x2000012d   0x08005574   0x00000003   PAD
    0x20000130        -       0x00000064   Zero   RW          110    .bss.hspi1          spi.o
    0x20000194        -       0x00000080   Zero   RW         1477    .bss.log_buffer     utils.o
    0x20000214        -       0x00000004   Zero   RW         1476    .bss.system_2khz_tick  utils.o
    0x20000218        -       0x00000001   Zero   RW         1475    .bss.system_2khz_update  utils.o
    0x20000219   0x08005574   0x00000003   PAD
    0x2000021c        -       0x00000004   Zero   RW          940    .bss.uwTick         stm32g0xx_hal.o
    0x20000220        -       0x00000200   Zero   RW            2    HEAP                startup_stm32g030xx.o
    0x20000420        -       0x00000400   Zero   RW            1    STACK               startup_stm32g030xx.o


==============================================================================

Image component sizes


      Code (inc. data)   RO Data    RW Data    ZI Data      Debug   Object Name

       604         36          0          0          0       7793   adc.o
        76          8          0          0          0       2944   dma.o
       200         12          0          0          0       1963   gpio.o
       158          0          0          0          0       1616   main.o
       886        152          0          0        145       5740   mk8000.o
       896         60          0         10          0       7955   si24r1.o
       172         16          0          0        100       5114   spi.o
        56         26        192          0       1536        600   startup_stm32g030xx.o
       168          8          0          5          4       6749   stm32g0xx_hal.o
       120         12          0          0          0       7136   stm32g0xx_hal_cortex.o
       440         20          0          0          0       4705   stm32g0xx_hal_gpio.o
        44          4          0          0          0       1231   stm32g0xx_hal_msp.o
        76          4          0          0          0       4817   stm32g0xx_hal_pwr_ex.o
      1584         80          0          0          0       8636   stm32g0xx_hal_rcc.o
       388         16          0          0          0       6033   stm32g0xx_hal_rcc_ex.o
      2100         12          0          0          0      24014   stm32g0xx_hal_spi.o
       236         16          0          0          0       4060   stm32g0xx_it.o
       202          8          0          0          0       6113   stm32g0xx_ll_adc.o
       230          0          0          0          0       4260   stm32g0xx_ll_gpio.o
       448         56          0          0          0       7496   stm32g0xx_ll_rcc.o
       182         24          0          0          0      13402   stm32g0xx_ll_tim.o
       326         64          0          0          0       5562   stm32g0xx_ll_usart.o
        40          4          0          0          0       7099   stm32g0xx_ll_utils.o
       328        140         43          0         29       1786   system.o
         2          0         96          4          0       1909   system_stm32g0xx.o
       216         20          0          0          0       4420   tim.o
       838         48          0          0          0       8424   usart.o
       862         84          5          0        135      10872   utils.o

    ----------------------------------------------------------------------
     11914        930        368         20       1964     172449   Object Totals
         0          0         32          0          0          0   (incl. Generated)
        36          0          0          1         15          0   (incl. Padding)

    ----------------------------------------------------------------------

      Code (inc. data)   RO Data    RW Data    ZI Data      Debug   Library Member Name

        60          6          0          0          0         92   __2snprintf.o
         8          0          0          0          0         68   __main.o
       392          6         17          0          0         76   __printf_flags_ss_wp.o
        14          0          0          0          0         60   __printf_wp.o
         0          0          0          0          0          0   __rtentry.o
        12          0          0          0          0          0   __rtentry2.o
         6          0          0          0          0          0   __rtentry4.o
        60          8          0          0          0          0   __scatter.o
        26          0          0          0          0          0   __scatter_copy.o
        28          0          0          0          0          0   __scatter_zi.o
        66          0          0          0          0         76   _c16rtomb.o
        10          0          0          0          0          0   _printf_a.o
        10          0          0          0          0          0   _printf_c.o
        46          0          0          0          0        100   _printf_char.o
        48          6          0          0          0         88   _printf_char_common.o
        38          0          0          0          0         60   _printf_charcount.o
        10          0          0          0          0          0   _printf_d.o
       108         18          0          0          0         76   _printf_dec.o
        10          0          0          0          0          0   _printf_e.o
        10          0          0          0          0          0   _printf_f.o
      1044         12          0          0          0        116   _printf_fp_dec.o
       728         10         38          0          0         84   _printf_fp_hex.o
       136         16          0          0          0         76   _printf_fp_infnan.o
        10          0          0          0          0          0   _printf_g.o
       152          4         40          0          0        148   _printf_hex_int_ll_ptr.o
        10          0          0          0          0          0   _printf_i.o
       176          0          0          0          0         84   _printf_intcommon.o
        10          0          0          0          0          0   _printf_l.o
        10          0          0          0          0          0   _printf_lc.o
        10          0          0          0          0          0   _printf_ll.o
        10          0          0          0          0          0   _printf_lld.o
        10          0          0          0          0          0   _printf_lli.o
        10          0          0          0          0          0   _printf_llo.o
        10          0          0          0          0          0   _printf_llu.o
        10          0          0          0          0          0   _printf_llx.o
       112         18          0          0          0         76   _printf_longlong_dec.o
        10          0          0          0          0          0   _printf_ls.o
        10          0          0          0          0          0   _printf_n.o
        10          0          0          0          0          0   _printf_o.o
       112         10          0          0          0        112   _printf_oct_int_ll.o
        10          0          0          0          0          0   _printf_p.o
        78          0          0          0          0        100   _printf_pad.o
         2          0          0          0          0          0   _printf_percent.o
         4          0          0          0          0          0   _printf_percent_end.o
        10          0          0          0          0          0   _printf_s.o
        82          0          0          0          0         72   _printf_str.o
        36          0          0          0          0         76   _printf_truncate.o
        10          0          0          0          0          0   _printf_u.o
        46          0          0          0          0        100   _printf_wchar.o
       188          6          8          0          0         80   _printf_wctomb.o
        10          0          0          0          0          0   _printf_x.o
        16          0          0          0          0         60   _snputc.o
        10          0          0          0          0         60   _sputc.o
      1006          4          0          0          0        184   aeabi_sdivfast.o
       216          6        148          0          0         80   bigflt0.o
      1456         30          0          0          0        336   btod.o
        16          0          0          0          0         68   exit.o
         6          0          0          0          0        136   heapauxi.o
         0          0          0          0          0          0   indicate_semi.o
        44         10        272          0          0         76   lc_ctype_c.o
        44         10         28          0          0         76   lc_numeric_c.o
         2          0          0          0          0          0   libinit.o
        30          0          0          0          0          0   libinit2.o
         2          0          0          0          0          0   libshutdown.o
         2          0          0          0          0          0   libshutdown2.o
         8          4          0          0         96         68   libspace.o
       122          0          0          0          0         72   lludiv10.o
        16          4          0          0          0         76   rt_ctype_table.o
         8          4          0          0          0         68   rt_locale_intlibspace.o
        64          0          0          0          0        108   rt_memclr.o
         2          0          0          0          0          0   rtexit.o
        10          0          0          0          0          0   rtexit2.o
        40          0          0          0          0         60   rtudiv10.o
       176          4          0          0          0         80   strcmpv6m.o
        68          6          0          0          0         72   strlen.o
        12          4          0          0          0         60   sys_exit.o
        62          0          0          0          0         80   sys_stackheap_outer.o
         2          0          0          0          0         68   use_no_semi.o
        56          6          0          0          0         72   vsnprintf.o
        46          0          0          0          0         60   cmpret.o
       348          8          0          0          0        160   faddsub.o
        22          0          0          0          0         68   fcmp.o
       100          4          0          0          0         68   fcmpin.o
       352         10         64          0          0         92   fdiv.o
        94          0          0          0          0         92   fflti.o
        84          4          0          0          0         76   fgef.o
       176          4          0          0          0         80   fmul.o
        16          6          0          0          0         68   fnan2.o
        16          4          0          0          0         76   printf1.o
        16          4          0          0          0         76   printf2.o
        94          0          0          0          0         68   retnan.o
         0          0          0          0          0          0   usenofp.o
        44          4          0          0          0         60   fpclassify.o

    ----------------------------------------------------------------------
      8954        260        620          0         96       4824   Library Totals
        22          0          5          0          0          0   (incl. Padding)

    ----------------------------------------------------------------------

      Code (inc. data)   RO Data    RW Data    ZI Data      Debug   Library Name

      7524        212        551          0         96       3780   c_p.l
      1364         44         64          0          0        984   fz_ps.l
        44          4          0          0          0         60   m_ps.l

    ----------------------------------------------------------------------
      8954        260        620          0         96       4824   Library Totals

    ----------------------------------------------------------------------

==============================================================================


      Code (inc. data)   RO Data    RW Data    ZI Data      Debug   

     20868       1190        988         20       2060     174417   Grand Totals
     20868       1190        988         20       2060     174417   ELF Image Totals
     20868       1190        988         20          0          0   ROM Totals

==============================================================================

    Total RO  Size (Code + RO Data)                21856 (  21.34kB)
    Total RW  Size (RW Data + ZI Data)              2080 (   2.03kB)
    Total ROM Size (Code + RO Data + RW Data)      21876 (  21.36kB)

==============================================================================

